Archive member included to satisfy reference by file (symbol)

/opt/st/stm32cubeide_1.14.0/plugins/com.st.stm32cube.ide.mcu.externaltools.gnu-tools-for-stm32.11.3.rel1.linux64_1.1.100.202309141235/tools/bin/../lib/gcc/arm-none-eabi/11.3.1/../../../../arm-none-eabi/lib/thumb/v7e-m+fp/hard/libc_nano.a(libc_a-exit.o)
                              /opt/st/stm32cubeide_1.14.0/plugins/com.st.stm32cube.ide.mcu.externaltools.gnu-tools-for-stm32.11.3.rel1.linux64_1.1.100.202309141235/tools/bin/../lib/gcc/arm-none-eabi/11.3.1/../../../../arm-none-eabi/lib/thumb/v7e-m+fp/hard/crt0.o (exit)
/opt/st/stm32cubeide_1.14.0/plugins/com.st.stm32cube.ide.mcu.externaltools.gnu-tools-for-stm32.11.3.rel1.linux64_1.1.100.202309141235/tools/bin/../lib/gcc/arm-none-eabi/11.3.1/../../../../arm-none-eabi/lib/thumb/v7e-m+fp/hard/libc_nano.a(libc_a-realloc.o)
                              ./Core/Src/main.o (realloc)
/opt/st/stm32cubeide_1.14.0/plugins/com.st.stm32cube.ide.mcu.externaltools.gnu-tools-for-stm32.11.3.rel1.linux64_1.1.100.202309141235/tools/bin/../lib/gcc/arm-none-eabi/11.3.1/../../../../arm-none-eabi/lib/thumb/v7e-m+fp/hard/libc_nano.a(libc_a-reallocr.o)
                              /opt/st/stm32cubeide_1.14.0/plugins/com.st.stm32cube.ide.mcu.externaltools.gnu-tools-for-stm32.11.3.rel1.linux64_1.1.100.202309141235/tools/bin/../lib/gcc/arm-none-eabi/11.3.1/../../../../arm-none-eabi/lib/thumb/v7e-m+fp/hard/libc_nano.a(libc_a-realloc.o) (_realloc_r)
/opt/st/stm32cubeide_1.14.0/plugins/com.st.stm32cube.ide.mcu.externaltools.gnu-tools-for-stm32.11.3.rel1.linux64_1.1.100.202309141235/tools/bin/../lib/gcc/arm-none-eabi/11.3.1/../../../../arm-none-eabi/lib/thumb/v7e-m+fp/hard/libc_nano.a(libc_a-nano-vfprintf_float.o)
                              (_printf_float)
/opt/st/stm32cubeide_1.14.0/plugins/com.st.stm32cube.ide.mcu.externaltools.gnu-tools-for-stm32.11.3.rel1.linux64_1.1.100.202309141235/tools/bin/../lib/gcc/arm-none-eabi/11.3.1/../../../../arm-none-eabi/lib/thumb/v7e-m+fp/hard/libc_nano.a(libc_a-nano-vfprintf_i.o)
                              /opt/st/stm32cubeide_1.14.0/plugins/com.st.stm32cube.ide.mcu.externaltools.gnu-tools-for-stm32.11.3.rel1.linux64_1.1.100.202309141235/tools/bin/../lib/gcc/arm-none-eabi/11.3.1/../../../../arm-none-eabi/lib/thumb/v7e-m+fp/hard/libc_nano.a(libc_a-nano-vfprintf_float.o) (_printf_common)
/opt/st/stm32cubeide_1.14.0/plugins/com.st.stm32cube.ide.mcu.externaltools.gnu-tools-for-stm32.11.3.rel1.linux64_1.1.100.202309141235/tools/bin/../lib/gcc/arm-none-eabi/11.3.1/../../../../arm-none-eabi/lib/thumb/v7e-m+fp/hard/libc_nano.a(libc_a-nano-vfscanf_float.o)
                              (_scanf_float)
/opt/st/stm32cubeide_1.14.0/plugins/com.st.stm32cube.ide.mcu.externaltools.gnu-tools-for-stm32.11.3.rel1.linux64_1.1.100.202309141235/tools/bin/../lib/gcc/arm-none-eabi/11.3.1/../../../../arm-none-eabi/lib/thumb/v7e-m+fp/hard/libc_nano.a(libc_a-findfp.o)
                              /opt/st/stm32cubeide_1.14.0/plugins/com.st.stm32cube.ide.mcu.externaltools.gnu-tools-for-stm32.11.3.rel1.linux64_1.1.100.202309141235/tools/bin/../lib/gcc/arm-none-eabi/11.3.1/../../../../arm-none-eabi/lib/thumb/v7e-m+fp/hard/libc_nano.a(libc_a-exit.o) (__stdio_exit_handler)
/opt/st/stm32cubeide_1.14.0/plugins/com.st.stm32cube.ide.mcu.externaltools.gnu-tools-for-stm32.11.3.rel1.linux64_1.1.100.202309141235/tools/bin/../lib/gcc/arm-none-eabi/11.3.1/../../../../arm-none-eabi/lib/thumb/v7e-m+fp/hard/libc_nano.a(libc_a-fwalk.o)
                              /opt/st/stm32cubeide_1.14.0/plugins/com.st.stm32cube.ide.mcu.externaltools.gnu-tools-for-stm32.11.3.rel1.linux64_1.1.100.202309141235/tools/bin/../lib/gcc/arm-none-eabi/11.3.1/../../../../arm-none-eabi/lib/thumb/v7e-m+fp/hard/libc_nano.a(libc_a-findfp.o) (_fwalk_sglue)
/opt/st/stm32cubeide_1.14.0/plugins/com.st.stm32cube.ide.mcu.externaltools.gnu-tools-for-stm32.11.3.rel1.linux64_1.1.100.202309141235/tools/bin/../lib/gcc/arm-none-eabi/11.3.1/../../../../arm-none-eabi/lib/thumb/v7e-m+fp/hard/libc_nano.a(libc_a-sprintf.o)
                              /opt/st/stm32cubeide_1.14.0/plugins/com.st.stm32cube.ide.mcu.externaltools.gnu-tools-for-stm32.11.3.rel1.linux64_1.1.100.202309141235/tools/bin/../lib/gcc/arm-none-eabi/11.3.1/../../../../arm-none-eabi/lib/thumb/v7e-m+fp/hard/libc_nano.a(libc_a-nano-vfscanf_float.o) (sprintf)
/opt/st/stm32cubeide_1.14.0/plugins/com.st.stm32cube.ide.mcu.externaltools.gnu-tools-for-stm32.11.3.rel1.linux64_1.1.100.202309141235/tools/bin/../lib/gcc/arm-none-eabi/11.3.1/../../../../arm-none-eabi/lib/thumb/v7e-m+fp/hard/libc_nano.a(libc_a-stdio.o)
                              /opt/st/stm32cubeide_1.14.0/plugins/com.st.stm32cube.ide.mcu.externaltools.gnu-tools-for-stm32.11.3.rel1.linux64_1.1.100.202309141235/tools/bin/../lib/gcc/arm-none-eabi/11.3.1/../../../../arm-none-eabi/lib/thumb/v7e-m+fp/hard/libc_nano.a(libc_a-findfp.o) (__sread)
[...]
Memory Configuration

Name             Origin             Length             Attributes
RAM              0x0000000020000000 0x0000000000050000 xrw
FLASH            0x0000000008000000 0x0000000000100000 xr
*default*        0x0000000000000000 0xffffffffffffffff

Linker script and memory map

LOAD /opt/st/stm32cubeide_1.14.0/plugins/com.st.stm32cube.ide.mcu.externaltools.gnu-tools-for-stm32.11.3.rel1.linux64_1.1.100.202309141235/tools/bin/../lib/gcc/arm-none-eabi/11.3.1/thumb/v7e-m+fp/hard/crti.o
LOAD /opt/st/stm32cubeide_1.14.0/plugins/com.st.stm32cube.ide.mcu.externaltools.gnu-tools-for-stm32.11.3.rel1.linux64_1.1.100.202309141235/tools/bin/../lib/gcc/arm-none-eabi/11.3.1/thumb/v7e-m+fp/hard/crtbegin.o
LOAD /opt/st/stm32cubeide_1.14.0/plugins/com.st.stm32cube.ide.mcu.externaltools.gnu-tools-for-stm32.11.3.rel1.linux64_1.1.100.202309141235/tools/bin/../lib/gcc/arm-none-eabi/11.3.1/../../../../arm-none-eabi/lib/thumb/v7e-m+fp/hard/crt0.o
LOAD ./Core/Inc/duration.o
LOAD ./Core/Inc/time.o
LOAD ./Core/Src/main.o
LOAD ./Core/Src/stm32f7xx_hal_msp.o
LOAD ./Core/Src/stm32f7xx_it.o
LOAD ./Core/Src/syscalls.o
LOAD ./Core/Src/sysmem.o
LOAD ./Core/Src/system_stm32f7xx.o
LOAD ./Core/Startup/startup_stm32f746zgtx.o
LOAD ./Drivers/STM32F7xx_HAL_Driver/Src/stm32f7xx_hal.o
LOAD ./Drivers/STM32F7xx_HAL_Driver/Src/stm32f7xx_hal_cortex.o
LOAD ./Drivers/STM32F7xx_HAL_Driver/Src/stm32f7xx_hal_dac.o
LOAD ./Drivers/STM32F7xx_HAL_Driver/Src/stm32f7xx_hal_dac_ex.o
LOAD ./Drivers/STM32F7xx_HAL_Driver/Src/stm32f7xx_hal_dma.o
LOAD ./Drivers/STM32F7xx_HAL_Driver/Src/stm32f7xx_hal_dma_ex.o
LOAD ./Drivers/STM32F7xx_HAL_Driver/Src/stm32f7xx_hal_eth.o
LOAD ./Drivers/STM32F7xx_HAL_Driver/Src/stm32f7xx_hal_exti.o
LOAD ./Drivers/STM32F7xx_HAL_Driver/Src/stm32f7xx_hal_flash.o
LOAD ./Drivers/STM32F7xx_HAL_Driver/Src/stm32f7xx_hal_flash_ex.o
LOAD ./Drivers/STM32F7xx_HAL_Driver/Src/stm32f7xx_hal_gpio.o
LOAD ./Drivers/STM32F7xx_HAL_Driver/Src/stm32f7xx_hal_i2c.o
LOAD ./Drivers/STM32F7xx_HAL_Driver/Src/stm32f7xx_hal_i2c_ex.o
LOAD ./Drivers/STM32F7xx_HAL_Driver/Src/stm32f7xx_hal_pcd.o
LOAD ./Drivers/STM32F7xx_HAL_Driver/Src/stm32f7xx_hal_pcd_ex.o
LOAD ./Drivers/STM32F7xx_HAL_Driver/Src/stm32f7xx_hal_pwr.o
LOAD ./Drivers/STM32F7xx_HAL_Driver/Src/stm32f7xx_hal_pwr_ex.o
LOAD ./Drivers/STM32F7xx_HAL_Driver/Src/stm32f7xx_hal_rcc.o
LOAD ./Drivers/STM32F7xx_HAL_Driver/Src/stm32f7xx_hal_rcc_ex.o
LOAD ./Drivers/STM32F7xx_HAL_Driver/Src/stm32f7xx_hal_tim.o
LOAD ./Drivers/STM32F7xx_HAL_Driver/Src/stm32f7xx_hal_tim_ex.o
LOAD ./Drivers/STM32F7xx_HAL_Driver/Src/stm32f7xx_hal_uart.o
LOAD ./Drivers/STM32F7xx_HAL_Driver/Src/stm32f7xx_hal_uart_ex.o
LOAD ./Drivers/STM32F7xx_HAL_Driver/Src/stm32f7xx_ll_usb.o
START GROUP
LOAD /opt/st/stm32cubeide_1.14.0/plugins/com.st.stm32cube.ide.mcu.externaltools.gnu-tools-for-stm32.11.3.rel1.linux64_1.1.100.202309141235/tools/bin/../lib/gcc/arm-none-eabi/11.3.1/../../../../arm-none-eabi/lib/thumb/v7e-m+fp/hard/libstdc++_nano.a
LOAD /opt/st/stm32cubeide_1.14.0/plugins/com.st.stm32cube.ide.mcu.externaltools.gnu-tools-for-stm32.11.3.rel1.linux64_1.1.100.202309141235/tools/bin/../lib/gcc/arm-none-eabi/11.3.1/../../../../arm-none-eabi/lib/thumb/v7e-m+fp/hard/libsupc++_nano.a
END GROUP
LOAD /opt/st/stm32cubeide_1.14.0/plugins/com.st.stm32cube.ide.mcu.externaltools.gnu-tools-for-stm32.11.3.rel1.linux64_1.1.100.202309141235/tools/bin/../lib/gcc/arm-none-eabi/11.3.1/../../../../arm-none-eabi/lib/thumb/v7e-m+fp/hard/libstdc++_nano.a
LOAD /opt/st/stm32cubeide_1.14.0/plugins/com.st.stm32cube.ide.mcu.externaltools.gnu-tools-for-stm32.11.3.rel1.linux64_1.1.100.202309141235/tools/bin/../lib/gcc/arm-none-eabi/11.3.1/../../../../arm-none-eabi/lib/thumb/v7e-m+fp/hard/libm.a
LOAD /opt/st/stm32cubeide_1.14.0/plugins/com.st.stm32cube.ide.mcu.externaltools.gnu-tools-for-stm32.11.3.rel1.linux64_1.1.100.202309141235/tools/bin/../lib/gcc/arm-none-eabi/11.3.1/../../../../arm-none-eabi/lib/thumb/v7e-m+fp/hard/libc_nano.a
START GROUP
LOAD /opt/st/stm32cubeide_1.14.0/plugins/com.st.stm32cube.ide.mcu.externaltools.gnu-tools-for-stm32.11.3.rel1.linux64_1.1.100.202309141235/tools/bin/../lib/gcc/arm-none-eabi/11.3.1/thumb/v7e-m+fp/hard/libgcc.a
LOAD /opt/st/stm32cubeide_1.14.0/plugins/com.st.stm32cube.ide.mcu.externaltools.gnu-tools-for-stm32.11.3.rel1.linux64_1.1.100.202309141235/tools/bin/../lib/gcc/arm-none-eabi/11.3.1/../../../../arm-none-eabi/lib/thumb/v7e-m+fp/hard/libc_nano.a
END GROUP
START GROUP
LOAD /opt/st/stm32cubeide_1.14.0/plugins/com.st.stm32cube.ide.mcu.externaltools.gnu-tools-for-stm32.11.3.rel1.linux64_1.1.100.202309141235/tools/bin/../lib/gcc/arm-none-eabi/11.3.1/thumb/v7e-m+fp/hard/libgcc.a
LOAD /opt/st/stm32cubeide_1.14.0/plugins/com.st.stm32cube.ide.mcu.externaltools.gnu-tools-for-stm32.11.3.rel1.linux64_1.1.100.202309141235/tools/bin/../lib/gcc/arm-none-eabi/11.3.1/../../../../arm-none-eabi/lib/thumb/v7e-m+fp/hard/libc_nano.a
LOAD /opt/st/stm32cubeide_1.14.0/plugins/com.st.stm32cube.ide.mcu.externaltools.gnu-tools-for-stm32.11.3.rel1.linux64_1.1.100.202309141235/tools/bin/../lib/gcc/arm-none-eabi/11.3.1/../../../../arm-none-eabi/lib/thumb/v7e-m+fp/hard/libnosys.a
END GROUP
START GROUP
LOAD /opt/st/stm32cubeide_1.14.0/plugins/com.st.stm32cube.ide.mcu.externaltools.gnu-tools-for-stm32.11.3.rel1.linux64_1.1.100.202309141235/tools/bin/../lib/gcc/arm-none-eabi/11.3.1/thumb/v7e-m+fp/hard/libgcc.a
LOAD /opt/st/stm32cubeide_1.14.0/plugins/com.st.stm32cube.ide.mcu.externaltools.gnu-tools-for-stm32.11.3.rel1.linux64_1.1.100.202309141235/tools/bin/../lib/gcc/arm-none-eabi/11.3.1/../../../../arm-none-eabi/lib/thumb/v7e-m+fp/hard/libc_nano.a
LOAD /opt/st/stm32cubeide_1.14.0/plugins/com.st.stm32cube.ide.mcu.externaltools.gnu-tools-for-stm32.11.3.rel1.linux64_1.1.100.202309141235/tools/bin/../lib/gcc/arm-none-eabi/11.3.1/../../../../arm-none-eabi/lib/thumb/v7e-m+fp/hard/libnosys.a
END GROUP
LOAD /opt/st/stm32cubeide_1.14.0/plugins/com.st.stm32cube.ide.mcu.externaltools.gnu-tools-for-stm32.11.3.rel1.linux64_1.1.100.202309141235/tools/bin/../lib/gcc/arm-none-eabi/11.3.1/thumb/v7e-m+fp/hard/crtend.o
LOAD /opt/st/stm32cubeide_1.14.0/plugins/com.st.stm32cube.ide.mcu.externaltools.gnu-tools-for-stm32.11.3.rel1.linux64_1.1.100.202309141235/tools/bin/../lib/gcc/arm-none-eabi/11.3.1/thumb/v7e-m+fp/hard/crtn.o
                0x0000000020050000                _estack = (ORIGIN (RAM) + LENGTH (RAM))
                0x0000000000000200                _Min_Heap_Size = 0x200
                0x0000000000000400                _Min_Stack_Size = 0x400

.isr_vector     0x0000000008000000      0x1c8
                0x0000000008000000                . = ALIGN (0x4)
 *(.isr_vector)
 .isr_vector    0x0000000008000000      0x1c8 ./Core/Startup/startup_stm32f746zgtx.o
                0x0000000008000000                g_pfnVectors
                0x00000000080001c8                . = ALIGN (0x4)

.text           0x00000000080001d0    0x11478
                0x00000000080001d0                . = ALIGN (0x4)
 *(.text)
 .text          0x00000000080001d0       0x40 /opt/st/stm32cubeide_1.14.0/plugins/com.st.stm32cube.ide.mcu.externaltools.gnu-tools-for-stm32.11.3.rel1.linux64_1.1.100.202309141235/tools/bin/../lib/gcc/arm-none-eabi/11.3.1/thumb/v7e-m+fp/hard/crtbegin.o
 .text          0x0000000008000210       0xa0 /opt/st/stm32cubeide_1.14.0/plugins/com.st.stm32cube.ide.mcu.externaltools.gnu-tools-for-stm32.11.3.rel1.linux64_1.1.100.202309141235/tools/bin/../lib/gcc/arm-none-eabi/11.3.1/../../../../arm-none-eabi/lib/thumb/v7e-m+fp/hard/libc_nano.a(libc_a-memchr.o)
                0x0000000008000210                memchr
 .text          0x00000000080002b0       0x10 /opt/st/stm32cubeide_1.14.0/plugins/com.st.stm32cube.ide.mcu.externaltools.gnu-tools-for-stm32.11.3.rel1.linux64_1.1.100.202309141235/tools/bin/../lib/gcc/arm-none-eabi/11.3.1/../../../../arm-none-eabi/lib/thumb/v7e-m+fp/hard/libc_nano.a(libc_a-strlen.o)
                0x00000000080002b0                strlen
 .text          0x00000000080002c0      0x378 /opt/st/stm32cubeide_1.14.0/plugins/com.st.stm32cube.ide.mcu.externaltools.gnu-tools-for-stm32.11.3.rel1.linux64_1.1.100.202309141235/tools/bin/../lib/gcc/arm-none-eabi/11.3.1/thumb/v7e-m+fp/hard/libgcc.a(_arm_addsubdf3.o)
                0x00000000080002c0                __aeabi_drsub
                0x00000000080002c8                __aeabi_dsub
                0x00000000080002c8                __subdf3
                0x00000000080002cc                __adddf3
                0x00000000080002cc                __aeabi_dadd
                0x0000000008000544                __aeabi_ui2d
                0x0000000008000544                __floatunsidf
                0x0000000008000564                __floatsidf
                0x0000000008000564                __aeabi_i2d
                0x0000000008000588                __extendsfdf2
                0x0000000008000588                __aeabi_f2d
                0x00000000080005cc                __aeabi_ul2d
                0x00000000080005cc                __floatundidf
                0x00000000080005dc                __floatdidf
                0x00000000080005dc                __aeabi_l2d
 .text          0x0000000008000638      0x424 /opt/st/stm32cubeide_1.14.0/plugins/com.st.stm32cube.ide.mcu.externaltools.gnu-tools-for-stm32.11.3.rel1.linux64_1.1.100.202309141235/tools/bin/../lib/gcc/arm-none-eabi/11.3.1/thumb/v7e-m+fp/hard/libgcc.a(_arm_muldivdf3.o)
                0x0000000008000638                __aeabi_dmul
                0x0000000008000638                __muldf3
                0x000000000800088c                __aeabi_ddiv
                0x000000000800088c                __divdf3
 .text          0x0000000008000a5c      0x110 /opt/st/stm32cubeide_1.14.0/plugins/com.st.stm32cube.ide.mcu.externaltools.gnu-tools-for-stm32.11.3.rel1.linux64_1.1.100.202309141235/tools/bin/../lib/gcc/arm-none-eabi/11.3.1/thumb/v7e-m+fp/hard/libgcc.a(_arm_cmpdf2.o)
                0x0000000008000a5c                __gtdf2
                0x0000000008000a5c                __gedf2
                0x0000000008000a64                __ltdf2
                0x0000000008000a64                __ledf2
                0x0000000008000a6c                __cmpdf2
                0x0000000008000a6c                __eqdf2
                0x0000000008000a6c                __nedf2
                0x0000000008000ae8                __aeabi_cdrcmple
                0x0000000008000af8                __aeabi_cdcmple
                0x0000000008000af8                __aeabi_cdcmpeq
                0x0000000008000b08                __aeabi_dcmpeq
                0x0000000008000b1c                __aeabi_dcmplt
                0x0000000008000b30                __aeabi_dcmple
                0x0000000008000b44                __aeabi_dcmpge
                0x0000000008000b58                __aeabi_dcmpgt
 .text          0x0000000008000b6c       0x2c /opt/st/stm32cubeide_1.14.0/plugins/com.st.stm32cube.ide.mcu.externaltools.gnu-tools-for-stm32.11.3.rel1.linux64_1.1.100.202309141235/tools/bin/../lib/gcc/arm-none-eabi/11.3.1/thumb/v7e-m+fp/hard/libgcc.a(_arm_unorddf2.o)
                0x0000000008000b6c                __aeabi_dcmpun
                0x0000000008000b6c                __unorddf2
 .text          0x0000000008000b98       0x50 /opt/st/stm32cubeide_1.14.0/plugins/com.st.stm32cube.ide.mcu.externaltools.gnu-tools-for-stm32.11.3.rel1.linux64_1.1.100.202309141235/tools/bin/../lib/gcc/arm-none-eabi/11.3.1/thumb/v7e-m+fp/hard/libgcc.a(_arm_fixdfsi.o)
                0x0000000008000b98                __fixdfsi
                0x0000000008000b98                __aeabi_d2iz
 .text          0x0000000008000be8       0x40 /opt/st/stm32cubeide_1.14.0/plugins/com.st.stm32cube.ide.mcu.externaltools.gnu-tools-for-stm32.11.3.rel1.linux64_1.1.100.202309141235/tools/bin/../lib/gcc/arm-none-eabi/11.3.1/thumb/v7e-m+fp/hard/libgcc.a(_arm_fixunsdfsi.o)
                0x0000000008000be8                __fixunsdfsi
                0x0000000008000be8                __aeabi_d2uiz
 .text          0x0000000008000c28       0xa0 /opt/st/stm32cubeide_1.14.0/plugins/com.st.stm32cube.ide.mcu.externaltools.gnu-tools-for-stm32.11.3.rel1.linux64_1.1.100.202309141235/tools/bin/../lib/gcc/arm-none-eabi/11.3.1/thumb/v7e-m+fp/hard/libgcc.a(_arm_truncdfsf2.o)
                0x0000000008000c28                __aeabi_d2f
                0x0000000008000c28                __truncdfsf2
 .text          0x0000000008000cc8       0x30 /opt/st/stm32cubeide_1.14.0/plugins/com.st.stm32cube.ide.mcu.externaltools.gnu-tools-for-stm32.11.3.rel1.linux64_1.1.100.202309141235/tools/bin/../lib/gcc/arm-none-eabi/11.3.1/thumb/v7e-m+fp/hard/libgcc.a(_aeabi_uldivmod.o)
                0x0000000008000cc8                __aeabi_uldivmod
 .text          0x0000000008000cf8       0x30 /opt/st/stm32cubeide_1.14.0/plugins/com.st.stm32cube.ide.mcu.externaltools.gnu-tools-for-stm32.11.3.rel1.linux64_1.1.100.202309141235/tools/bin/../lib/gcc/arm-none-eabi/11.3.1/thumb/v7e-m+fp/hard/libgcc.a(_fixdfdi.o)
                0x0000000008000cf8                __aeabi_d2lz
                0x0000000008000cf8                __fixdfdi
 .text          0x0000000008000d28       0x3c /opt/st/stm32cubeide_1.14.0/plugins/com.st.stm32cube.ide.mcu.externaltools.gnu-tools-for-stm32.11.3.rel1.linux64_1.1.100.202309141235/tools/bin/../lib/gcc/arm-none-eabi/11.3.1/thumb/v7e-m+fp/hard/libgcc.a(_fixunsdfdi.o)
                0x0000000008000d28                __aeabi_d2ulz
                0x0000000008000d28                __fixunsdfdi
 .text          0x0000000008000d64      0x2c8 /opt/st/stm32cubeide_1.14.0/plugins/com.st.stm32cube.ide.mcu.externaltools.gnu-tools-for-stm32.11.3.rel1.linux64_1.1.100.202309141235/tools/bin/../lib/gcc/arm-none-eabi/11.3.1/thumb/v7e-m+fp/hard/libgcc.a(_udivmoddi4.o)
                0x0000000008000d64                __udivmoddi4
 .text          0x000000000800102c        0x4 /opt/st/stm32cubeide_1.14.0/plugins/com.st.stm32cube.ide.mcu.externaltools.gnu-tools-for-stm32.11.3.rel1.linux64_1.1.100.202309141235/tools/bin/../lib/gcc/arm-none-eabi/11.3.1/thumb/v7e-m+fp/hard/libgcc.a(_dvmd_tls.o)
                0x000000000800102c                __aeabi_ldiv0
                0x000000000800102c                __aeabi_idiv0
 *(.text*)
 .text._ZN3ros22normalizeSecNSecSignedERlS0_
                0x0000000008001030       0x64 ./Core/Inc/duration.o
                0x0000000008001030                ros::normalizeSecNSecSigned(long&, long&)
 .text._ZN3ros8DurationC2Ev
                0x0000000008001094       0x22 ./Core/Inc/time.o
                0x0000000008001094                ros::Duration::Duration()
                0x0000000008001094                ros::Duration::Duration()
 *fill*         0x00000000080010b6        0x2 
 .text._ZN3ros16normalizeSecNSecERmS0_
                0x00000000080010b8       0x58 ./Core/Inc/time.o
                0x00000000080010b8                ros::normalizeSecNSec(unsigned long&, unsigned long&)
 .text._ZNK3ros4TimemiERKS0_
                0x0000000008001110       0x48 ./Core/Inc/time.o
                0x0000000008001110                ros::Time::operator-(ros::Time const&) const
 .text._ZSt3absd
                0x0000000008001158       0x28 ./Core/Src/main.o
                0x0000000008001158                std::abs(double)
 .text._ZNK3ros8Duration5toSecEv
                0x0000000008001180       0x58 ./Core/Src/main.o
                0x0000000008001180                ros::Duration::toSec() const
 .text._ZN3ros4TimeC2Ev
                0x00000000080011d8       0x22 ./Core/Src/main.o
                0x00000000080011d8                ros::Time::Time()
                0x00000000080011d8                ros::Time::Time()
 *fill*         0x00000000080011fa        0x2 
 .text._ZN3ros3MsgC2Ev
                0x00000000080011fc       0x20 ./Core/Src/main.o
                0x00000000080011fc                ros::Msg::Msg()
                0x00000000080011fc                ros::Msg::Msg()
 .text._ZN8std_msgs4TimeC2Ev
                0x000000000800121c       0x30 ./Core/Src/main.o
                0x000000000800121c                std_msgs::Time::Time()
                0x000000000800121c                std_msgs::Time::Time()
 .text._ZNK8std_msgs4Time9serializeEPh
                0x000000000800124c       0xb0 ./Core/Src/main.o
                0x000000000800124c                std_msgs::Time::serialize(unsigned char*) const
 .text._ZN8std_msgs4Time11deserializeEPh
                0x00000000080012fc       0xc8 ./Core/Src/main.o
                0x00000000080012fc                std_msgs::Time::deserialize(unsigned char*)
 .text._ZN8std_msgs4Time7getTypeEv
                0x00000000080013c4       0x1c ./Core/Src/main.o
                0x00000000080013c4                std_msgs::Time::getType()
 .text._ZN8std_msgs4Time6getMD5Ev
                0x00000000080013e0       0x1c ./Core/Src/main.o
                0x00000000080013e0                std_msgs::Time::getMD5()
 .text._ZN14rosserial_msgs9TopicInfoC2Ev
                0x00000000080013fc       0x48 ./Core/Src/main.o
                0x00000000080013fc                rosserial_msgs::TopicInfo::TopicInfo()
                0x00000000080013fc                rosserial_msgs::TopicInfo::TopicInfo()
 .text._ZNK14rosserial_msgs9TopicInfo9serializeEPh
                0x0000000008001444      0x136 ./Core/Src/main.o
                0x0000000008001444                rosserial_msgs::TopicInfo::serialize(unsigned char*) const
 .text._ZN14rosserial_msgs9TopicInfo11deserializeEPh
                0x000000000800157a      0x1d0 ./Core/Src/main.o
                0x000000000800157a                rosserial_msgs::TopicInfo::deserialize(unsigned char*)
 *fill*         0x000000000800174a        0x2 
 .text._ZN14rosserial_msgs9TopicInfo7getTypeEv
                0x000000000800174c       0x1c ./Core/Src/main.o
                0x000000000800174c                rosserial_msgs::TopicInfo::getType()
 .text._ZN14rosserial_msgs9TopicInfo6getMD5Ev
                0x0000000008001768       0x1c ./Core/Src/main.o
                0x0000000008001768                rosserial_msgs::TopicInfo::getMD5()
 .text._ZN14rosserial_msgs3LogC2Ev
                0x0000000008001784       0x34 ./Core/Src/main.o
                0x0000000008001784                rosserial_msgs::Log::Log()
                0x0000000008001784                rosserial_msgs::Log::Log()
 .text._ZNK14rosserial_msgs3Log9serializeEPh
                0x00000000080017b8       0x64 ./Core/Src/main.o
                0x00000000080017b8                rosserial_msgs::Log::serialize(unsigned char*) const
 .text._ZN14rosserial_msgs3Log11deserializeEPh
                0x000000000800181c       0x90 ./Core/Src/main.o
                0x000000000800181c                rosserial_msgs::Log::deserialize(unsigned char*)
 .text._ZN14rosserial_msgs3Log7getTypeEv
                0x00000000080018ac       0x1c ./Core/Src/main.o
                0x00000000080018ac                rosserial_msgs::Log::getType()
 .text._ZN14rosserial_msgs3Log6getMD5Ev
                0x00000000080018c8       0x1c ./Core/Src/main.o
                0x00000000080018c8                rosserial_msgs::Log::getMD5()
 .text._ZN14rosserial_msgs20RequestParamResponseC2Ev
                0x00000000080018e4       0x5c ./Core/Src/main.o
                0x00000000080018e4                rosserial_msgs::RequestParamResponse::RequestParamResponse()
                0x00000000080018e4                rosserial_msgs::RequestParamResponse::RequestParamResponse()
 .text._ZNK14rosserial_msgs20RequestParamResponse9serializeEPh
                0x0000000008001940      0x222 ./Core/Src/main.o
                0x0000000008001940                rosserial_msgs::RequestParamResponse::serialize(unsigned char*) const
 .text._ZN14rosserial_msgs20RequestParamResponse11deserializeEPh
                0x0000000008001b62      0x2e2 ./Core/Src/main.o
                0x0000000008001b62                rosserial_msgs::RequestParamResponse::deserialize(unsigned char*)
 .text._ZN14rosserial_msgs20RequestParamResponse7getTypeEv
                0x0000000008001e44       0x1c ./Core/Src/main.o
                0x0000000008001e44                rosserial_msgs::RequestParamResponse::getType()
 .text._ZN14rosserial_msgs20RequestParamResponse6getMD5Ev
                0x0000000008001e60       0x1c ./Core/Src/main.o
                0x0000000008001e60                rosserial_msgs::RequestParamResponse::getMD5()
 .text._ZN3ros9PublisherC2EPKcPNS_3MsgEi
                0x0000000008001e7c       0x2e ./Core/Src/main.o
                0x0000000008001e7c                ros::Publisher::Publisher(char const*, ros::Msg*, int)
                0x0000000008001e7c                ros::Publisher::Publisher(char const*, ros::Msg*, int)
 .text._ZN3ros9Publisher7publishEPKNS_3MsgE
                0x0000000008001eaa       0x28 ./Core/Src/main.o
                0x0000000008001eaa                ros::Publisher::publish(ros::Msg const*)
 .text._ZN3ros9Publisher15getEndpointTypeEv
                0x0000000008001ed2       0x18 ./Core/Src/main.o
                0x0000000008001ed2                ros::Publisher::getEndpointType()
 .text._ZN13STM32Hardware10getRdmaIndEv
                0x0000000008001eea       0x26 ./Core/Src/main.o
                0x0000000008001eea                STM32Hardware::getRdmaInd()
 .text._ZN13STM32HardwareC2Ev
                0x0000000008001f10       0x38 ./Core/Src/main.o
                0x0000000008001f10                STM32Hardware::STM32Hardware()
                0x0000000008001f10                STM32Hardware::STM32Hardware()
 .text._ZN13STM32Hardware4initEv
                0x0000000008001f48       0x16 ./Core/Src/main.o
                0x0000000008001f48                STM32Hardware::init()
 .text._ZN13STM32Hardware10reset_rbufEv
                0x0000000008001f5e       0x22 ./Core/Src/main.o
                0x0000000008001f5e                STM32Hardware::reset_rbuf()
 .text._ZN13STM32Hardware4readEv
                0x0000000008001f80       0x5a ./Core/Src/main.o
                0x0000000008001f80                STM32Hardware::read()
 *fill*         0x0000000008001fda        0x2 
 .text._ZN13STM32Hardware5flushEv
                0x0000000008001fdc       0xb8 ./Core/Src/main.o
                0x0000000008001fdc                STM32Hardware::flush()
 .text._ZN13STM32Hardware5writeEPhi
                0x0000000008002094       0x8c ./Core/Src/main.o
                0x0000000008002094                STM32Hardware::write(unsigned char*, int)
 .text._ZN13STM32Hardware4timeEv
                0x0000000008002120       0x16 ./Core/Src/main.o
                0x0000000008002120                STM32Hardware::time()
 *fill*         0x0000000008002136        0x2 
 .text._ZN10raibo_msgs8speed_fbC2Ev
                0x0000000008002138       0x90 ./Core/Src/main.o
                0x0000000008002138                raibo_msgs::speed_fb::speed_fb()
                0x0000000008002138                raibo_msgs::speed_fb::speed_fb()
 .text._ZNK10raibo_msgs8speed_fb9serializeEPh
                0x00000000080021c8      0x6b6 ./Core/Src/main.o
                0x00000000080021c8                raibo_msgs::speed_fb::serialize(unsigned char*) const
 .text._ZN10raibo_msgs8speed_fb11deserializeEPh
                0x000000000800287e     0x1044 ./Core/Src/main.o
                0x000000000800287e                raibo_msgs::speed_fb::deserialize(unsigned char*)
 *fill*         0x00000000080038c2        0x2 
 .text._ZN10raibo_msgs8speed_fb7getTypeEv
                0x00000000080038c4       0x1c ./Core/Src/main.o
                0x00000000080038c4                raibo_msgs::speed_fb::getType()
 .text._ZN10raibo_msgs8speed_fb6getMD5Ev
                0x00000000080038e0       0x1c ./Core/Src/main.o
                0x00000000080038e0                raibo_msgs::speed_fb::getMD5()
 .text._ZN10raibo_msgs8speed_spC2Ev
                0x00000000080038fc       0x40 ./Core/Src/main.o
                0x00000000080038fc                raibo_msgs::speed_sp::speed_sp()
                0x00000000080038fc                raibo_msgs::speed_sp::speed_sp()
 .text._ZNK10raibo_msgs8speed_sp9serializeEPh
                0x000000000800393c      0x1f8 ./Core/Src/main.o
                0x000000000800393c                raibo_msgs::speed_sp::serialize(unsigned char*) const
 .text._ZN10raibo_msgs8speed_sp11deserializeEPh
                0x0000000008003b34      0x46a ./Core/Src/main.o
                0x0000000008003b34                raibo_msgs::speed_sp::deserialize(unsigned char*)
 *fill*         0x0000000008003f9e        0x2 
 .text._ZN10raibo_msgs8speed_sp7getTypeEv
                0x0000000008003fa0       0x1c ./Core/Src/main.o
                0x0000000008003fa0                raibo_msgs::speed_sp::getType()
 .text._ZN10raibo_msgs8speed_sp6getMD5Ev
                0x0000000008003fbc       0x1c ./Core/Src/main.o
                0x0000000008003fbc                raibo_msgs::speed_sp::getMD5()
 .text._ZN3ros15NodeHandleBase_C2Ev
                0x0000000008003fd8       0x20 ./Core/Src/main.o
                0x0000000008003fd8                ros::NodeHandleBase_::NodeHandleBase_()
                0x0000000008003fd8                ros::NodeHandleBase_::NodeHandleBase_()
 .text._ZN3ros11NodeHandle_I13STM32HardwareLi25ELi25ELi512ELi512EEC2Ev
                0x0000000008003ff8       0xf0 ./Core/Src/main.o
                0x0000000008003ff8                ros::NodeHandle_<STM32Hardware, 25, 25, 512, 512>::NodeHandle_()
                0x0000000008003ff8                ros::NodeHandle_<STM32Hardware, 25, 25, 512, 512>::NodeHandle_()
 .text.HAL_UART_TxCpltCallback
                0x00000000080040e8       0x24 ./Core/Src/main.o
                0x00000000080040e8                HAL_UART_TxCpltCallback
 .text.HAL_UART_RxCpltCallback
                0x000000000800410c       0x24 ./Core/Src/main.o
                0x000000000800410c                HAL_UART_RxCpltCallback
 .text._Z22commandSpeedSPCallbackRKN10raibo_msgs8speed_spE
                0x0000000008004130       0x68 ./Core/Src/main.o
                0x0000000008004130                commandSpeedSPCallback(raibo_msgs::speed_sp const&)
 .text._Z15PIDControl_BLDCP3PIDddd
                0x0000000008004198      0x404 ./Core/Src/main.o
                0x0000000008004198                PIDControl_BLDC(PID*, double, double, double)
 *fill*         0x000000000800459c        0x4 
 .text._Z15DACControlSpeedd
                0x00000000080045a0      0x154 ./Core/Src/main.o
                0x00000000080045a0                DACControlSpeed(double)
 *fill*         0x00000000080046f4        0x4 
 .text._Z16Steering_Controliii
                0x00000000080046f8      0x334 ./Core/Src/main.o
                0x00000000080046f8                Steering_Control(int, int, int)
 .text._Z13Steering_Initv
                0x0000000008004a2c      0x1c4 ./Core/Src/main.o
                0x0000000008004a2c                Steering_Init()
 .text._Z9ros_setupv
                0x0000000008004bf0       0xd4 ./Core/Src/main.o
                0x0000000008004bf0                ros_setup()
 *fill*         0x0000000008004cc4        0x4 
 .text._Z8ros_loopv
                0x0000000008004cc8      0x234 ./Core/Src/main.o
                0x0000000008004cc8                ros_loop()
 *fill*         0x0000000008004efc        0x4 
 .text.main     0x0000000008004f00      0x1ec ./Core/Src/main.o
                0x0000000008004f00                main
 .text._Z18SystemClock_Configv
                0x00000000080050ec       0xfc ./Core/Src/main.o
                0x00000000080050ec                SystemClock_Config()
 .text._ZL11MX_DAC_Initv
                0x00000000080051e8       0x68 ./Core/Src/main.o
 .text._ZL11MX_ETH_Initv
                0x0000000008005250       0xa4 ./Core/Src/main.o
 .text._ZL12MX_TIM1_Initv
                0x00000000080052f4       0xc8 ./Core/Src/main.o
 .text._ZL12MX_TIM2_Initv
                0x00000000080053bc       0xbc ./Core/Src/main.o
 .text._ZL12MX_TIM3_Initv
                0x0000000008005478       0xc0 ./Core/Src/main.o
 .text._ZL12MX_TIM4_Initv
                0x0000000008005538       0xd4 ./Core/Src/main.o
 .text._ZL12MX_TIM5_Initv
                0x000000000800560c       0xbc ./Core/Src/main.o
 .text._ZL19MX_USART3_UART_Initv
                0x00000000080056c8       0x68 ./Core/Src/main.o
 .text._ZL22MX_USB_OTG_FS_PCD_Initv
                0x0000000008005730       0x64 ./Core/Src/main.o
 .text._ZL11MX_DMA_Initv
                0x0000000008005794       0x4c ./Core/Src/main.o
 .text._ZL12MX_GPIO_Initv
                0x00000000080057e0      0x1d4 ./Core/Src/main.o
 *fill*         0x00000000080059b4        0x4 
 .text.HAL_TIM_PeriodElapsedCallback
                0x00000000080059b8      0x198 ./Core/Src/main.o
                0x00000000080059b8                HAL_TIM_PeriodElapsedCallback
 .text.Error_Handler
                0x0000000008005b50        0xa ./Core/Src/main.o
                0x0000000008005b50                Error_Handler
 .text._ZN3ros3Msg8varToArrIPhmEEvT_T0_
                0x0000000008005b5a       0x3e ./Core/Src/main.o
                0x0000000008005b5a                void ros::Msg::varToArr<unsigned char*, unsigned long>(unsigned char*, unsigned long)
 .text._ZN3ros3Msg8arrToVarImPhEEvRT_T0_
                0x0000000008005b98       0x4c ./Core/Src/main.o
                0x0000000008005b98                void ros::Msg::arrToVar<unsigned long, unsigned char*>(unsigned long&, unsigned char*)
 .text._ZN3ros11Subscriber_C2Ev
                0x0000000008005be4       0x20 ./Core/Src/main.o
                0x0000000008005be4                ros::Subscriber_::Subscriber_()
                0x0000000008005be4                ros::Subscriber_::Subscriber_()
 .text._ZN3ros10SubscriberIN10raibo_msgs8speed_spEvEC2EPKcPFvRKS2_Ei
                0x0000000008005c04       0x48 ./Core/Src/main.o
                0x0000000008005c04                ros::Subscriber<raibo_msgs::speed_sp, void>::Subscriber(char const*, void (*)(raibo_msgs::speed_sp const&), int)
                0x0000000008005c04                ros::Subscriber<raibo_msgs::speed_sp, void>::Subscriber(char const*, void (*)(raibo_msgs::speed_sp const&), int)
 .text._ZN3ros11NodeHandle_I13STM32HardwareLi25ELi25ELi512ELi512EE11getHardwareEv
                0x0000000008005c4c       0x18 ./Core/Src/main.o
                0x0000000008005c4c                ros::NodeHandle_<STM32Hardware, 25, 25, 512, 512>::getHardware()
 .text._ZN3ros11NodeHandle_I13STM32HardwareLi25ELi25ELi512ELi512EE3nowEv
                0x0000000008005c64       0x78 ./Core/Src/main.o
                0x0000000008005c64                ros::NodeHandle_<STM32Hardware, 25, 25, 512, 512>::now()
 .text._ZN3ros11NodeHandle_I13STM32HardwareLi25ELi25ELi512ELi512EE8initNodeEv
                0x0000000008005cdc       0x3a ./Core/Src/main.o
                0x0000000008005cdc                ros::NodeHandle_<STM32Hardware, 25, 25, 512, 512>::initNode()
 .text._ZN3ros11NodeHandle_I13STM32HardwareLi25ELi25ELi512ELi512EE9advertiseERNS_9PublisherE
                0x0000000008005d16       0x60 ./Core/Src/main.o
                0x0000000008005d16                ros::NodeHandle_<STM32Hardware, 25, 25, 512, 512>::advertise(ros::Publisher&)
 .text._ZN3ros11NodeHandle_I13STM32HardwareLi25ELi25ELi512ELi512EE9subscribeERNS_11Subscriber_E
                0x0000000008005d76       0x56 ./Core/Src/main.o
                0x0000000008005d76                ros::NodeHandle_<STM32Hardware, 25, 25, 512, 512>::subscribe(ros::Subscriber_&)
 .text._ZN3ros11NodeHandle_I13STM32HardwareLi25ELi25ELi512ELi512EE8spinOnceEv
                0x0000000008005dcc      0x3dc ./Core/Src/main.o
                0x0000000008005dcc                ros::NodeHandle_<STM32Hardware, 25, 25, 512, 512>::spinOnce()
 .text._ZN3ros11NodeHandle_I13STM32HardwareLi25ELi25ELi512ELi512EE15requestSyncTimeEv
                0x00000000080061a8       0x3c ./Core/Src/main.o
                0x00000000080061a8                ros::NodeHandle_<STM32Hardware, 25, 25, 512, 512>::requestSyncTime()
 .text._ZN3ros11NodeHandle_I13STM32HardwareLi25ELi25ELi512ELi512EE15negotiateTopicsEv
                0x00000000080061e4      0x1be ./Core/Src/main.o
                0x00000000080061e4                ros::NodeHandle_<STM32Hardware, 25, 25, 512, 512>::negotiateTopics()
 *fill*         0x00000000080063a2        0x2 
 .text._ZN3ros11NodeHandle_I13STM32HardwareLi25ELi25ELi512ELi512EE8syncTimeEPh
                0x00000000080063a4       0x98 ./Core/Src/main.o
                0x00000000080063a4                ros::NodeHandle_<STM32Hardware, 25, 25, 512, 512>::syncTime(unsigned char*)
 .text._ZN3ros11NodeHandle_I13STM32HardwareLi25ELi25ELi512ELi512EE7publishEiPKNS_3MsgE
                0x000000000800643c      0x128 ./Core/Src/main.o
                0x000000000800643c                ros::NodeHandle_<STM32Hardware, 25, 25, 512, 512>::publish(int, ros::Msg const*)
 .text._ZN3ros11NodeHandle_I13STM32HardwareLi25ELi25ELi512ELi512EE6setNowERKNS_4TimeE
                0x0000000008006564       0x80 ./Core/Src/main.o
                0x0000000008006564                ros::NodeHandle_<STM32Hardware, 25, 25, 512, 512>::setNow(ros::Time const&)
 .text._ZN3ros11NodeHandle_I13STM32HardwareLi25ELi25ELi512ELi512EE8logerrorEPKc
                0x00000000080065e4       0x1c ./Core/Src/main.o
                0x00000000080065e4                ros::NodeHandle_<STM32Hardware, 25, 25, 512, 512>::logerror(char const*)
 .text._ZN3ros11NodeHandle_I13STM32HardwareLi25ELi25ELi512ELi512EE3logEcPKc
                0x0000000008006600       0x38 ./Core/Src/main.o
                0x0000000008006600                ros::NodeHandle_<STM32Hardware, 25, 25, 512, 512>::log(char, char const*)
 .text._Z41__static_initialization_and_destruction_0ii
                0x0000000008006638       0x7c ./Core/Src/main.o
 .text._ZN3ros10SubscriberIN10raibo_msgs8speed_spEvE8callbackEPh
                0x00000000080066b4       0x2a ./Core/Src/main.o
                0x00000000080066b4                ros::Subscriber<raibo_msgs::speed_sp, void>::callback(unsigned char*)
 .text._ZN3ros10SubscriberIN10raibo_msgs8speed_spEvE15getEndpointTypeEv
                0x00000000080066de       0x18 ./Core/Src/main.o
                0x00000000080066de                ros::Subscriber<raibo_msgs::speed_sp, void>::getEndpointType()
 .text._ZN3ros10SubscriberIN10raibo_msgs8speed_spEvE10getMsgTypeEv
                0x00000000080066f6       0x1c ./Core/Src/main.o
                0x00000000080066f6                ros::Subscriber<raibo_msgs::speed_sp, void>::getMsgType()
 .text._ZN3ros10SubscriberIN10raibo_msgs8speed_spEvE9getMsgMD5Ev
                0x0000000008006712       0x1c ./Core/Src/main.o
                0x0000000008006712                ros::Subscriber<raibo_msgs::speed_sp, void>::getMsgMD5()
 .text._ZN3ros11NodeHandle_I13STM32HardwareLi25ELi25ELi512ELi512EE9connectedEv
                0x000000000800672e       0x1a ./Core/Src/main.o
                0x000000000800672e                ros::NodeHandle_<STM32Hardware, 25, 25, 512, 512>::connected()
 .text._GLOBAL__sub_I_DMARxDscrTab
                0x0000000008006748       0x10 ./Core/Src/main.o
 .text.HAL_MspInit
                0x0000000008006758       0x48 ./Core/Src/stm32f7xx_hal_msp.o
                0x0000000008006758                HAL_MspInit
 .text.HAL_DAC_MspInit
                0x00000000080067a0       0x80 ./Core/Src/stm32f7xx_hal_msp.o
                0x00000000080067a0                HAL_DAC_MspInit
 .text.HAL_ETH_MspInit
                0x0000000008006820      0x170 ./Core/Src/stm32f7xx_hal_msp.o
                0x0000000008006820                HAL_ETH_MspInit
 .text.HAL_TIM_Encoder_MspInit
                0x0000000008006990      0x128 ./Core/Src/stm32f7xx_hal_msp.o
                0x0000000008006990                HAL_TIM_Encoder_MspInit
 .text.HAL_TIM_Base_MspInit
                0x0000000008006ab8       0x80 ./Core/Src/stm32f7xx_hal_msp.o
                0x0000000008006ab8                HAL_TIM_Base_MspInit
 .text.HAL_TIM_PWM_MspInit
                0x0000000008006b38       0x40 ./Core/Src/stm32f7xx_hal_msp.o
                0x0000000008006b38                HAL_TIM_PWM_MspInit
 .text.HAL_TIM_MspPostInit
                0x0000000008006b78       0x70 ./Core/Src/stm32f7xx_hal_msp.o
                0x0000000008006b78                HAL_TIM_MspPostInit
 .text.HAL_UART_MspInit
                0x0000000008006be8      0x198 ./Core/Src/stm32f7xx_hal_msp.o
                0x0000000008006be8                HAL_UART_MspInit
 .text.HAL_PCD_MspInit
                0x0000000008006d80       0xf4 ./Core/Src/stm32f7xx_hal_msp.o
                0x0000000008006d80                HAL_PCD_MspInit
 .text.NMI_Handler
                0x0000000008006e74        0x6 ./Core/Src/stm32f7xx_it.o
                0x0000000008006e74                NMI_Handler
 .text.HardFault_Handler
                0x0000000008006e7a        0x6 ./Core/Src/stm32f7xx_it.o
                0x0000000008006e7a                HardFault_Handler
 .text.MemManage_Handler
                0x0000000008006e80        0x6 ./Core/Src/stm32f7xx_it.o
                0x0000000008006e80                MemManage_Handler
 .text.BusFault_Handler
                0x0000000008006e86        0x6 ./Core/Src/stm32f7xx_it.o
                0x0000000008006e86                BusFault_Handler
 .text.UsageFault_Handler
                0x0000000008006e8c        0x6 ./Core/Src/stm32f7xx_it.o
                0x0000000008006e8c                UsageFault_Handler
 .text.SVC_Handler
                0x0000000008006e92        0xe ./Core/Src/stm32f7xx_it.o
                0x0000000008006e92                SVC_Handler
 .text.DebugMon_Handler
                0x0000000008006ea0        0xe ./Core/Src/stm32f7xx_it.o
                0x0000000008006ea0                DebugMon_Handler
 .text.PendSV_Handler
                0x0000000008006eae        0xe ./Core/Src/stm32f7xx_it.o
                0x0000000008006eae                PendSV_Handler
 .text.SysTick_Handler
                0x0000000008006ebc        0xc ./Core/Src/stm32f7xx_it.o
                0x0000000008006ebc                SysTick_Handler
 .text.DMA1_Stream1_IRQHandler
                0x0000000008006ec8       0x14 ./Core/Src/stm32f7xx_it.o
                0x0000000008006ec8                DMA1_Stream1_IRQHandler
 .text.DMA1_Stream3_IRQHandler
                0x0000000008006edc       0x14 ./Core/Src/stm32f7xx_it.o
                0x0000000008006edc                DMA1_Stream3_IRQHandler
 .text.TIM2_IRQHandler
                0x0000000008006ef0       0x14 ./Core/Src/stm32f7xx_it.o
                0x0000000008006ef0                TIM2_IRQHandler
 .text.USART3_IRQHandler
                0x0000000008006f04       0x14 ./Core/Src/stm32f7xx_it.o
                0x0000000008006f04                USART3_IRQHandler
 .text.TIM5_IRQHandler
                0x0000000008006f18       0x14 ./Core/Src/stm32f7xx_it.o
                0x0000000008006f18                TIM5_IRQHandler
 .text._getpid  0x0000000008006f2c       0x10 ./Core/Src/syscalls.o
                0x0000000008006f2c                _getpid
 .text._kill    0x0000000008006f3c       0x20 ./Core/Src/syscalls.o
                0x0000000008006f3c                _kill
 .text._exit    0x0000000008006f5c       0x14 ./Core/Src/syscalls.o
                0x0000000008006f5c                _exit
 .text._read    0x0000000008006f70       0x3a ./Core/Src/syscalls.o
                0x0000000008006f70                _read
 .text._write   0x0000000008006faa       0x38 ./Core/Src/syscalls.o
                0x0000000008006faa                _write
 .text._close   0x0000000008006fe2       0x18 ./Core/Src/syscalls.o
                0x0000000008006fe2                _close
 .text._fstat   0x0000000008006ffa       0x20 ./Core/Src/syscalls.o
                0x0000000008006ffa                _fstat
 .text._isatty  0x000000000800701a       0x16 ./Core/Src/syscalls.o
                0x000000000800701a                _isatty
 .text._lseek   0x0000000008007030       0x1a ./Core/Src/syscalls.o
                0x0000000008007030                _lseek
 *fill*         0x000000000800704a        0x2 
 .text._sbrk    0x000000000800704c       0x6c ./Core/Src/sysmem.o
                0x000000000800704c                _sbrk
 .text.SystemInit
                0x00000000080070b8       0x24 ./Core/Src/system_stm32f7xx.o
                0x00000000080070b8                SystemInit
 .text.Reset_Handler
                0x00000000080070dc       0x50 ./Core/Startup/startup_stm32f746zgtx.o
                0x00000000080070dc                Reset_Handler
 .text.Default_Handler
                0x000000000800712c        0x2 ./Core/Startup/startup_stm32f746zgtx.o
                0x000000000800712c                RTC_Alarm_IRQHandler
                0x000000000800712c                EXTI2_IRQHandler
                0x000000000800712c                TIM8_CC_IRQHandler
                0x000000000800712c                UART8_IRQHandler
                0x000000000800712c                SPI4_IRQHandler
                0x000000000800712c                TIM1_CC_IRQHandler
                0x000000000800712c                DMA2_Stream5_IRQHandler
                0x000000000800712c                DMA1_Stream5_IRQHandler
                0x000000000800712c                PVD_IRQHandler
                0x000000000800712c                TAMP_STAMP_IRQHandler
                0x000000000800712c                CAN2_RX1_IRQHandler
                0x000000000800712c                EXTI3_IRQHandler
                0x000000000800712c                TIM8_TRG_COM_TIM14_IRQHandler
                0x000000000800712c                TIM1_UP_TIM10_IRQHandler
                0x000000000800712c                TIM8_UP_TIM13_IRQHandler
                0x000000000800712c                I2C3_ER_IRQHandler
                0x000000000800712c                EXTI0_IRQHandler
                0x000000000800712c                I2C2_EV_IRQHandler
                0x000000000800712c                DMA1_Stream2_IRQHandler
                0x000000000800712c                CAN1_RX0_IRQHandler
                0x000000000800712c                FPU_IRQHandler
                0x000000000800712c                OTG_HS_WKUP_IRQHandler
                0x000000000800712c                LTDC_ER_IRQHandler
                0x000000000800712c                CAN2_SCE_IRQHandler
                0x000000000800712c                DMA2_Stream2_IRQHandler
                0x000000000800712c                SPI1_IRQHandler
                0x000000000800712c                TIM6_DAC_IRQHandler
                0x000000000800712c                TIM1_BRK_TIM9_IRQHandler
                0x000000000800712c                DCMI_IRQHandler
                0x000000000800712c                CAN2_RX0_IRQHandler
                0x000000000800712c                DMA2_Stream3_IRQHandler
                0x000000000800712c                SAI2_IRQHandler
                0x000000000800712c                USART6_IRQHandler
                0x000000000800712c                CAN1_RX1_IRQHandler
                0x000000000800712c                UART5_IRQHandler
                0x000000000800712c                DMA2_Stream0_IRQHandler
                0x000000000800712c                TIM4_IRQHandler
                0x000000000800712c                QUADSPI_IRQHandler
                0x000000000800712c                I2C1_EV_IRQHandler
                0x000000000800712c                DMA1_Stream6_IRQHandler
                0x000000000800712c                UART4_IRQHandler
                0x000000000800712c                TIM3_IRQHandler
                0x000000000800712c                RCC_IRQHandler
                0x000000000800712c                TIM8_BRK_TIM12_IRQHandler
                0x000000000800712c                Default_Handler
                0x000000000800712c                CEC_IRQHandler
                0x000000000800712c                EXTI15_10_IRQHandler
                0x000000000800712c                ADC_IRQHandler
                0x000000000800712c                DMA1_Stream7_IRQHandler
                0x000000000800712c                SPI5_IRQHandler
                0x000000000800712c                TIM7_IRQHandler
                0x000000000800712c                SDMMC1_IRQHandler
                0x000000000800712c                CAN2_TX_IRQHandler
                0x000000000800712c                DMA2_Stream7_IRQHandler
                0x000000000800712c                I2C3_EV_IRQHandler
                0x000000000800712c                EXTI9_5_IRQHandler
                0x000000000800712c                RTC_WKUP_IRQHandler
                0x000000000800712c                LTDC_IRQHandler
                0x000000000800712c                ETH_WKUP_IRQHandler
                0x000000000800712c                SPDIF_RX_IRQHandler
                0x000000000800712c                SPI2_IRQHandler
                0x000000000800712c                OTG_HS_EP1_IN_IRQHandler
                0x000000000800712c                DMA1_Stream0_IRQHandler
                0x000000000800712c                CAN1_TX_IRQHandler
                0x000000000800712c                EXTI4_IRQHandler
                0x000000000800712c                RNG_IRQHandler
                0x000000000800712c                ETH_IRQHandler
                0x000000000800712c                OTG_HS_EP1_OUT_IRQHandler
                0x000000000800712c                WWDG_IRQHandler
                0x000000000800712c                SPI6_IRQHandler
                0x000000000800712c                I2C4_EV_IRQHandler
                0x000000000800712c                OTG_FS_WKUP_IRQHandler
                0x000000000800712c                TIM1_TRG_COM_TIM11_IRQHandler
                0x000000000800712c                OTG_HS_IRQHandler
                0x000000000800712c                DMA2D_IRQHandler
                0x000000000800712c                EXTI1_IRQHandler
                0x000000000800712c                UART7_IRQHandler
                0x000000000800712c                USART2_IRQHandler
                0x000000000800712c                I2C2_ER_IRQHandler
                0x000000000800712c                DMA2_Stream1_IRQHandler
                0x000000000800712c                CAN1_SCE_IRQHandler
                0x000000000800712c                FLASH_IRQHandler
                0x000000000800712c                DMA2_Stream4_IRQHandler
                0x000000000800712c                USART1_IRQHandler
                0x000000000800712c                OTG_FS_IRQHandler
                0x000000000800712c                SPI3_IRQHandler
                0x000000000800712c                DMA1_Stream4_IRQHandler
                0x000000000800712c                I2C1_ER_IRQHandler
                0x000000000800712c                FMC_IRQHandler
                0x000000000800712c                LPTIM1_IRQHandler
                0x000000000800712c                I2C4_ER_IRQHandler
                0x000000000800712c                DMA2_Stream6_IRQHandler
                0x000000000800712c                SAI1_IRQHandler
 .text.HAL_Init
                0x000000000800712e       0x1a ./Drivers/STM32F7xx_HAL_Driver/Src/stm32f7xx_hal.o
                0x000000000800712e                HAL_Init
 .text.HAL_InitTick
                0x0000000008007148       0x60 ./Drivers/STM32F7xx_HAL_Driver/Src/stm32f7xx_hal.o
                0x0000000008007148                HAL_InitTick
 .text.HAL_IncTick
                0x00000000080071a8       0x28 ./Drivers/STM32F7xx_HAL_Driver/Src/stm32f7xx_hal.o
                0x00000000080071a8                HAL_IncTick
 .text.HAL_GetTick
                0x00000000080071d0       0x18 ./Drivers/STM32F7xx_HAL_Driver/Src/stm32f7xx_hal.o
                0x00000000080071d0                HAL_GetTick
 .text.HAL_Delay
                0x00000000080071e8       0x48 ./Drivers/STM32F7xx_HAL_Driver/Src/stm32f7xx_hal.o
                0x00000000080071e8                HAL_Delay
 .text.__NVIC_SetPriorityGrouping
                0x0000000008007230       0x48 ./Drivers/STM32F7xx_HAL_Driver/Src/stm32f7xx_hal_cortex.o
 .text.__NVIC_GetPriorityGrouping
                0x0000000008007278       0x1c ./Drivers/STM32F7xx_HAL_Driver/Src/stm32f7xx_hal_cortex.o
 .text.__NVIC_EnableIRQ
                0x0000000008007294       0x3c ./Drivers/STM32F7xx_HAL_Driver/Src/stm32f7xx_hal_cortex.o
 .text.__NVIC_SetPriority
                0x00000000080072d0       0x54 ./Drivers/STM32F7xx_HAL_Driver/Src/stm32f7xx_hal_cortex.o
 .text.NVIC_EncodePriority
                0x0000000008007324       0x66 ./Drivers/STM32F7xx_HAL_Driver/Src/stm32f7xx_hal_cortex.o
 *fill*         0x000000000800738a        0x2 
 .text.SysTick_Config
                0x000000000800738c       0x44 ./Drivers/STM32F7xx_HAL_Driver/Src/stm32f7xx_hal_cortex.o
 .text.HAL_NVIC_SetPriorityGrouping
                0x00000000080073d0       0x16 ./Drivers/STM32F7xx_HAL_Driver/Src/stm32f7xx_hal_cortex.o
                0x00000000080073d0                HAL_NVIC_SetPriorityGrouping
 .text.HAL_NVIC_SetPriority
                0x00000000080073e6       0x38 ./Drivers/STM32F7xx_HAL_Driver/Src/stm32f7xx_hal_cortex.o
                0x00000000080073e6                HAL_NVIC_SetPriority
 .text.HAL_NVIC_EnableIRQ
                0x000000000800741e       0x1c ./Drivers/STM32F7xx_HAL_Driver/Src/stm32f7xx_hal_cortex.o
                0x000000000800741e                HAL_NVIC_EnableIRQ
 .text.HAL_SYSTICK_Config
                0x000000000800743a       0x18 ./Drivers/STM32F7xx_HAL_Driver/Src/stm32f7xx_hal_cortex.o
                0x000000000800743a                HAL_SYSTICK_Config
 .text.HAL_DAC_Init
                0x0000000008007452       0x44 ./Drivers/STM32F7xx_HAL_Driver/Src/stm32f7xx_hal_dac.o
                0x0000000008007452                HAL_DAC_Init
 .text.HAL_DAC_Start
                0x0000000008007496       0xa4 ./Drivers/STM32F7xx_HAL_Driver/Src/stm32f7xx_hal_dac.o
                0x0000000008007496                HAL_DAC_Start
 .text.HAL_DAC_SetValue
                0x000000000800753a       0x4a ./Drivers/STM32F7xx_HAL_Driver/Src/stm32f7xx_hal_dac.o
                0x000000000800753a                HAL_DAC_SetValue
 .text.HAL_DAC_ConfigChannel
                0x0000000008007584       0x9e ./Drivers/STM32F7xx_HAL_Driver/Src/stm32f7xx_hal_dac.o
                0x0000000008007584                HAL_DAC_ConfigChannel
 *fill*         0x0000000008007622        0x2 
 .text.HAL_DMA_Init
                0x0000000008007624      0x15c ./Drivers/STM32F7xx_HAL_Driver/Src/stm32f7xx_hal_dma.o
                0x0000000008007624                HAL_DMA_Init
 .text.HAL_DMA_Start_IT
                0x0000000008007780       0xc0 ./Drivers/STM32F7xx_HAL_Driver/Src/stm32f7xx_hal_dma.o
                0x0000000008007780                HAL_DMA_Start_IT
 .text.HAL_DMA_Abort
                0x0000000008007840       0xe0 ./Drivers/STM32F7xx_HAL_Driver/Src/stm32f7xx_hal_dma.o
                0x0000000008007840                HAL_DMA_Abort
 .text.HAL_DMA_Abort_IT
                0x0000000008007920       0x44 ./Drivers/STM32F7xx_HAL_Driver/Src/stm32f7xx_hal_dma.o
                0x0000000008007920                HAL_DMA_Abort_IT
 .text.HAL_DMA_IRQHandler
                0x0000000008007964      0x314 ./Drivers/STM32F7xx_HAL_Driver/Src/stm32f7xx_hal_dma.o
                0x0000000008007964                HAL_DMA_IRQHandler
 .text.DMA_SetConfig
                0x0000000008007c78       0x5c ./Drivers/STM32F7xx_HAL_Driver/Src/stm32f7xx_hal_dma.o
 .text.DMA_CalcBaseAndBitshift
                0x0000000008007cd4       0x6c ./Drivers/STM32F7xx_HAL_Driver/Src/stm32f7xx_hal_dma.o
 .text.DMA_CheckFifoParam
                0x0000000008007d40       0xf8 ./Drivers/STM32F7xx_HAL_Driver/Src/stm32f7xx_hal_dma.o
 .text.HAL_ETH_Init
                0x0000000008007e38       0xf8 ./Drivers/STM32F7xx_HAL_Driver/Src/stm32f7xx_hal_eth.o
                0x0000000008007e38                HAL_ETH_Init
 .text.ETH_SetMACConfig
                0x0000000008007f30      0x160 ./Drivers/STM32F7xx_HAL_Driver/Src/stm32f7xx_hal_eth.o
 .text.ETH_SetDMAConfig
                0x0000000008008090      0x114 ./Drivers/STM32F7xx_HAL_Driver/Src/stm32f7xx_hal_eth.o
 .text.ETH_MACDMAConfig
                0x00000000080081a4       0xe4 ./Drivers/STM32F7xx_HAL_Driver/Src/stm32f7xx_hal_eth.o
 .text.ETH_MACAddressConfig
                0x0000000008008288       0x70 ./Drivers/STM32F7xx_HAL_Driver/Src/stm32f7xx_hal_eth.o
 .text.ETH_DMATxDescListInit
                0x00000000080082f8       0xb2 ./Drivers/STM32F7xx_HAL_Driver/Src/stm32f7xx_hal_eth.o
 .text.ETH_DMARxDescListInit
                0x00000000080083aa       0xda ./Drivers/STM32F7xx_HAL_Driver/Src/stm32f7xx_hal_eth.o
 .text.HAL_GPIO_Init
                0x0000000008008484      0x358 ./Drivers/STM32F7xx_HAL_Driver/Src/stm32f7xx_hal_gpio.o
                0x0000000008008484                HAL_GPIO_Init
 .text.HAL_GPIO_ReadPin
                0x00000000080087dc       0x30 ./Drivers/STM32F7xx_HAL_Driver/Src/stm32f7xx_hal_gpio.o
                0x00000000080087dc                HAL_GPIO_ReadPin
 .text.HAL_GPIO_WritePin
                0x000000000800880c       0x32 ./Drivers/STM32F7xx_HAL_Driver/Src/stm32f7xx_hal_gpio.o
                0x000000000800880c                HAL_GPIO_WritePin
 .text.HAL_GPIO_TogglePin
                0x000000000800883e       0x34 ./Drivers/STM32F7xx_HAL_Driver/Src/stm32f7xx_hal_gpio.o
                0x000000000800883e                HAL_GPIO_TogglePin
 .text.HAL_PCD_Init
                0x0000000008008872      0x248 ./Drivers/STM32F7xx_HAL_Driver/Src/stm32f7xx_hal_pcd.o
                0x0000000008008872                HAL_PCD_Init
 *fill*         0x0000000008008aba        0x2 
 .text.HAL_PCDEx_ActivateLPM
                0x0000000008008abc       0x48 ./Drivers/STM32F7xx_HAL_Driver/Src/stm32f7xx_hal_pcd_ex.o
                0x0000000008008abc                HAL_PCDEx_ActivateLPM
 .text.HAL_PWR_EnableBkUpAccess
                0x0000000008008b04       0x20 ./Drivers/STM32F7xx_HAL_Driver/Src/stm32f7xx_hal_pwr.o
                0x0000000008008b04                HAL_PWR_EnableBkUpAccess
 .text.HAL_PWREx_EnableOverDrive
                0x0000000008008b24       0xa0 ./Drivers/STM32F7xx_HAL_Driver/Src/stm32f7xx_hal_pwr_ex.o
                0x0000000008008b24                HAL_PWREx_EnableOverDrive
 .text.HAL_RCC_OscConfig
                0x0000000008008bc4      0x548 ./Drivers/STM32F7xx_HAL_Driver/Src/stm32f7xx_hal_rcc.o
                0x0000000008008bc4                HAL_RCC_OscConfig
 .text.HAL_RCC_ClockConfig
                0x000000000800910c      0x1d8 ./Drivers/STM32F7xx_HAL_Driver/Src/stm32f7xx_hal_rcc.o
                0x000000000800910c                HAL_RCC_ClockConfig
 .text.HAL_RCC_GetSysClockFreq
                0x00000000080092e4      0x20c ./Drivers/STM32F7xx_HAL_Driver/Src/stm32f7xx_hal_rcc.o
                0x00000000080092e4                HAL_RCC_GetSysClockFreq
 .text.HAL_RCC_GetHCLKFreq
                0x00000000080094f0       0x18 ./Drivers/STM32F7xx_HAL_Driver/Src/stm32f7xx_hal_rcc.o
                0x00000000080094f0                HAL_RCC_GetHCLKFreq
 .text.HAL_RCC_GetPCLK1Freq
                0x0000000008009508       0x28 ./Drivers/STM32F7xx_HAL_Driver/Src/stm32f7xx_hal_rcc.o
                0x0000000008009508                HAL_RCC_GetPCLK1Freq
 .text.HAL_RCC_GetPCLK2Freq
                0x0000000008009530       0x28 ./Drivers/STM32F7xx_HAL_Driver/Src/stm32f7xx_hal_rcc.o
                0x0000000008009530                HAL_RCC_GetPCLK2Freq
 .text.HAL_RCCEx_PeriphCLKConfig
                0x0000000008009558      0x7e0 ./Drivers/STM32F7xx_HAL_Driver/Src/stm32f7xx_hal_rcc_ex.o
                0x0000000008009558                HAL_RCCEx_PeriphCLKConfig
 .text.HAL_TIM_Base_Init
                0x0000000008009d38       0xae ./Drivers/STM32F7xx_HAL_Driver/Src/stm32f7xx_hal_tim.o
                0x0000000008009d38                HAL_TIM_Base_Init
 *fill*         0x0000000008009de6        0x2 
 .text.HAL_TIM_Base_Start_IT
                0x0000000008009de8       0xf0 ./Drivers/STM32F7xx_HAL_Driver/Src/stm32f7xx_hal_tim.o
                0x0000000008009de8                HAL_TIM_Base_Start_IT
 .text.HAL_TIM_PWM_Init
                0x0000000008009ed8       0xae ./Drivers/STM32F7xx_HAL_Driver/Src/stm32f7xx_hal_tim.o
                0x0000000008009ed8                HAL_TIM_PWM_Init
 *fill*         0x0000000008009f86        0x2 
 .text.HAL_TIM_PWM_Start
                0x0000000008009f88      0x1f4 ./Drivers/STM32F7xx_HAL_Driver/Src/stm32f7xx_hal_tim.o
                0x0000000008009f88                HAL_TIM_PWM_Start
 .text.HAL_TIM_Encoder_Init
                0x000000000800a17c      0x14c ./Drivers/STM32F7xx_HAL_Driver/Src/stm32f7xx_hal_tim.o
                0x000000000800a17c                HAL_TIM_Encoder_Init
 .text.HAL_TIM_Encoder_Start
                0x000000000800a2c8      0x11c ./Drivers/STM32F7xx_HAL_Driver/Src/stm32f7xx_hal_tim.o
                0x000000000800a2c8                HAL_TIM_Encoder_Start
 .text.HAL_TIM_IRQHandler
                0x000000000800a3e4      0x23e ./Drivers/STM32F7xx_HAL_Driver/Src/stm32f7xx_hal_tim.o
                0x000000000800a3e4                HAL_TIM_IRQHandler
 *fill*         0x000000000800a622        0x2 
 .text.HAL_TIM_PWM_ConfigChannel
                0x000000000800a624      0x228 ./Drivers/STM32F7xx_HAL_Driver/Src/stm32f7xx_hal_tim.o
                0x000000000800a624                HAL_TIM_PWM_ConfigChannel
 .text.HAL_TIM_ConfigClockSource
                0x000000000800a84c      0x194 ./Drivers/STM32F7xx_HAL_Driver/Src/stm32f7xx_hal_tim.o
                0x000000000800a84c                HAL_TIM_ConfigClockSource
 .text.HAL_TIM_OC_DelayElapsedCallback
                0x000000000800a9e0       0x14 ./Drivers/STM32F7xx_HAL_Driver/Src/stm32f7xx_hal_tim.o
                0x000000000800a9e0                HAL_TIM_OC_DelayElapsedCallback
 .text.HAL_TIM_IC_CaptureCallback
                0x000000000800a9f4       0x14 ./Drivers/STM32F7xx_HAL_Driver/Src/stm32f7xx_hal_tim.o
                0x000000000800a9f4                HAL_TIM_IC_CaptureCallback
 .text.HAL_TIM_PWM_PulseFinishedCallback
                0x000000000800aa08       0x14 ./Drivers/STM32F7xx_HAL_Driver/Src/stm32f7xx_hal_tim.o
                0x000000000800aa08                HAL_TIM_PWM_PulseFinishedCallback
 .text.HAL_TIM_TriggerCallback
                0x000000000800aa1c       0x14 ./Drivers/STM32F7xx_HAL_Driver/Src/stm32f7xx_hal_tim.o
                0x000000000800aa1c                HAL_TIM_TriggerCallback
 .text.TIM_Base_SetConfig
                0x000000000800aa30      0x140 ./Drivers/STM32F7xx_HAL_Driver/Src/stm32f7xx_hal_tim.o
                0x000000000800aa30                TIM_Base_SetConfig
 .text.TIM_OC1_SetConfig
                0x000000000800ab70       0xe4 ./Drivers/STM32F7xx_HAL_Driver/Src/stm32f7xx_hal_tim.o
 .text.TIM_OC2_SetConfig
                0x000000000800ac54       0xf0 ./Drivers/STM32F7xx_HAL_Driver/Src/stm32f7xx_hal_tim.o
                0x000000000800ac54                TIM_OC2_SetConfig
 .text.TIM_OC3_SetConfig
                0x000000000800ad44       0xec ./Drivers/STM32F7xx_HAL_Driver/Src/stm32f7xx_hal_tim.o
 .text.TIM_OC4_SetConfig
                0x000000000800ae30       0xb0 ./Drivers/STM32F7xx_HAL_Driver/Src/stm32f7xx_hal_tim.o
 .text.TIM_OC5_SetConfig
                0x000000000800aee0       0xa4 ./Drivers/STM32F7xx_HAL_Driver/Src/stm32f7xx_hal_tim.o
 .text.TIM_OC6_SetConfig
                0x000000000800af84       0xa8 ./Drivers/STM32F7xx_HAL_Driver/Src/stm32f7xx_hal_tim.o
 .text.TIM_TI1_ConfigInputStage
                0x000000000800b02c       0x5e ./Drivers/STM32F7xx_HAL_Driver/Src/stm32f7xx_hal_tim.o
 .text.TIM_TI2_ConfigInputStage
                0x000000000800b08a       0x60 ./Drivers/STM32F7xx_HAL_Driver/Src/stm32f7xx_hal_tim.o
 .text.TIM_ITRx_SetConfig
                0x000000000800b0ea       0x36 ./Drivers/STM32F7xx_HAL_Driver/Src/stm32f7xx_hal_tim.o
 .text.TIM_ETR_SetConfig
                0x000000000800b120       0x40 ./Drivers/STM32F7xx_HAL_Driver/Src/stm32f7xx_hal_tim.o
                0x000000000800b120                TIM_ETR_SetConfig
 .text.TIM_CCxChannelCmd
                0x000000000800b160       0x4a ./Drivers/STM32F7xx_HAL_Driver/Src/stm32f7xx_hal_tim.o
                0x000000000800b160                TIM_CCxChannelCmd
 *fill*         0x000000000800b1aa        0x2 
 .text.HAL_TIMEx_MasterConfigSynchronization
                0x000000000800b1ac      0x11c ./Drivers/STM32F7xx_HAL_Driver/Src/stm32f7xx_hal_tim_ex.o
                0x000000000800b1ac                HAL_TIMEx_MasterConfigSynchronization
 .text.HAL_TIMEx_CommutCallback
                0x000000000800b2c8       0x14 ./Drivers/STM32F7xx_HAL_Driver/Src/stm32f7xx_hal_tim_ex.o
                0x000000000800b2c8                HAL_TIMEx_CommutCallback
 .text.HAL_TIMEx_BreakCallback
                0x000000000800b2dc       0x14 ./Drivers/STM32F7xx_HAL_Driver/Src/stm32f7xx_hal_tim_ex.o
                0x000000000800b2dc                HAL_TIMEx_BreakCallback
 .text.HAL_TIMEx_Break2Callback
                0x000000000800b2f0       0x14 ./Drivers/STM32F7xx_HAL_Driver/Src/stm32f7xx_hal_tim_ex.o
                0x000000000800b2f0                HAL_TIMEx_Break2Callback
 .text.HAL_UART_Init
                0x000000000800b304       0x9c ./Drivers/STM32F7xx_HAL_Driver/Src/stm32f7xx_hal_uart.o
                0x000000000800b304                HAL_UART_Init
 .text.HAL_UART_Transmit_DMA
                0x000000000800b3a0       0xf8 ./Drivers/STM32F7xx_HAL_Driver/Src/stm32f7xx_hal_uart.o
                0x000000000800b3a0                HAL_UART_Transmit_DMA
 .text.HAL_UART_Receive_DMA
                0x000000000800b498       0x88 ./Drivers/STM32F7xx_HAL_Driver/Src/stm32f7xx_hal_uart.o
                0x000000000800b498                HAL_UART_Receive_DMA
 .text.HAL_UART_IRQHandler
                0x000000000800b520      0x5a4 ./Drivers/STM32F7xx_HAL_Driver/Src/stm32f7xx_hal_uart.o
                0x000000000800b520                HAL_UART_IRQHandler
 .text.HAL_UART_TxHalfCpltCallback
                0x000000000800bac4       0x14 ./Drivers/STM32F7xx_HAL_Driver/Src/stm32f7xx_hal_uart.o
                0x000000000800bac4                HAL_UART_TxHalfCpltCallback
 .text.HAL_UART_RxHalfCpltCallback
                0x000000000800bad8       0x14 ./Drivers/STM32F7xx_HAL_Driver/Src/stm32f7xx_hal_uart.o
                0x000000000800bad8                HAL_UART_RxHalfCpltCallback
 .text.HAL_UART_ErrorCallback
                0x000000000800baec       0x14 ./Drivers/STM32F7xx_HAL_Driver/Src/stm32f7xx_hal_uart.o
                0x000000000800baec                HAL_UART_ErrorCallback
 .text.HAL_UARTEx_RxEventCallback
                0x000000000800bb00       0x18 ./Drivers/STM32F7xx_HAL_Driver/Src/stm32f7xx_hal_uart.o
                0x000000000800bb00                HAL_UARTEx_RxEventCallback
 .text.UART_SetConfig
                0x000000000800bb18      0x4c8 ./Drivers/STM32F7xx_HAL_Driver/Src/stm32f7xx_hal_uart.o
                0x000000000800bb18                UART_SetConfig
 .text.UART_AdvFeatureConfig
                0x000000000800bfe0      0x144 ./Drivers/STM32F7xx_HAL_Driver/Src/stm32f7xx_hal_uart.o
                0x000000000800bfe0                UART_AdvFeatureConfig
 .text.UART_CheckIdleState
                0x000000000800c124       0x6e ./Drivers/STM32F7xx_HAL_Driver/Src/stm32f7xx_hal_uart.o
                0x000000000800c124                UART_CheckIdleState
 .text.UART_WaitOnFlagUntilTimeout
                0x000000000800c192      0x18c ./Drivers/STM32F7xx_HAL_Driver/Src/stm32f7xx_hal_uart.o
                0x000000000800c192                UART_WaitOnFlagUntilTimeout
 *fill*         0x000000000800c31e        0x2 
 .text.UART_Start_Receive_DMA
                0x000000000800c320      0x140 ./Drivers/STM32F7xx_HAL_Driver/Src/stm32f7xx_hal_uart.o
                0x000000000800c320                UART_Start_Receive_DMA
 .text.UART_EndTxTransfer
                0x000000000800c460       0x4c ./Drivers/STM32F7xx_HAL_Driver/Src/stm32f7xx_hal_uart.o
 .text.UART_EndRxTransfer
                0x000000000800c4ac       0xc8 ./Drivers/STM32F7xx_HAL_Driver/Src/stm32f7xx_hal_uart.o
 .text.UART_DMATransmitCplt
                0x000000000800c574       0x96 ./Drivers/STM32F7xx_HAL_Driver/Src/stm32f7xx_hal_uart.o
 .text.UART_DMATxHalfCplt
                0x000000000800c60a       0x1c ./Drivers/STM32F7xx_HAL_Driver/Src/stm32f7xx_hal_uart.o
 .text.UART_DMAReceiveCplt
                0x000000000800c626      0x128 ./Drivers/STM32F7xx_HAL_Driver/Src/stm32f7xx_hal_uart.o
 .text.UART_DMARxHalfCplt
                0x000000000800c74e       0x3e ./Drivers/STM32F7xx_HAL_Driver/Src/stm32f7xx_hal_uart.o
 .text.UART_DMAError
                0x000000000800c78c       0x7e ./Drivers/STM32F7xx_HAL_Driver/Src/stm32f7xx_hal_uart.o
 .text.UART_DMAAbortOnError
                0x000000000800c80a       0x2c ./Drivers/STM32F7xx_HAL_Driver/Src/stm32f7xx_hal_uart.o
 .text.UART_EndTransmit_IT
                0x000000000800c836       0x54 ./Drivers/STM32F7xx_HAL_Driver/Src/stm32f7xx_hal_uart.o
 *fill*         0x000000000800c88a        0x2 
 .text.USB_CoreInit
                0x000000000800c88c       0xb0 ./Drivers/STM32F7xx_HAL_Driver/Src/stm32f7xx_ll_usb.o
                0x000000000800c88c                USB_CoreInit
 .text.USB_DisableGlobalInt
                0x000000000800c93c       0x22 ./Drivers/STM32F7xx_HAL_Driver/Src/stm32f7xx_ll_usb.o
                0x000000000800c93c                USB_DisableGlobalInt
 .text.USB_SetCurrentMode
                0x000000000800c95e       0x98 ./Drivers/STM32F7xx_HAL_Driver/Src/stm32f7xx_ll_usb.o
                0x000000000800c95e                USB_SetCurrentMode
 *fill*         0x000000000800c9f6        0x2 
 .text.USB_DevInit
                0x000000000800c9f8      0x2bc ./Drivers/STM32F7xx_HAL_Driver/Src/stm32f7xx_ll_usb.o
                0x000000000800c9f8                USB_DevInit
 .text.USB_FlushTxFifo
                0x000000000800ccb4       0x68 ./Drivers/STM32F7xx_HAL_Driver/Src/stm32f7xx_ll_usb.o
                0x000000000800ccb4                USB_FlushTxFifo
 .text.USB_FlushRxFifo
                0x000000000800cd1c       0x60 ./Drivers/STM32F7xx_HAL_Driver/Src/stm32f7xx_ll_usb.o
                0x000000000800cd1c                USB_FlushRxFifo
 .text.USB_SetDevSpeed
                0x000000000800cd7c       0x32 ./Drivers/STM32F7xx_HAL_Driver/Src/stm32f7xx_ll_usb.o
                0x000000000800cd7c                USB_SetDevSpeed
 .text.USB_DevDisconnect
                0x000000000800cdae       0x42 ./Drivers/STM32F7xx_HAL_Driver/Src/stm32f7xx_ll_usb.o
                0x000000000800cdae                USB_DevDisconnect
 .text.USB_GetMode
                0x000000000800cdf0       0x1c ./Drivers/STM32F7xx_HAL_Driver/Src/stm32f7xx_ll_usb.o
                0x000000000800cdf0                USB_GetMode
 .text.USB_CoreReset
                0x000000000800ce0c       0x68 ./Drivers/STM32F7xx_HAL_Driver/Src/stm32f7xx_ll_usb.o
 .text.realloc  0x000000000800ce74       0x10 /opt/st/stm32cubeide_1.14.0/plugins/com.st.stm32cube.ide.mcu.externaltools.gnu-tools-for-stm32.11.3.rel1.linux64_1.1.100.202309141235/tools/bin/../lib/gcc/arm-none-eabi/11.3.1/../../../../arm-none-eabi/lib/thumb/v7e-m+fp/hard/libc_nano.a(libc_a-realloc.o)
                0x000000000800ce74                realloc
 .text._realloc_r
                0x000000000800ce84       0x5e /opt/st/stm32cubeide_1.14.0/plugins/com.st.stm32cube.ide.mcu.externaltools.gnu-tools-for-stm32.11.3.rel1.linux64_1.1.100.202309141235/tools/bin/../lib/gcc/arm-none-eabi/11.3.1/../../../../arm-none-eabi/lib/thumb/v7e-m+fp/hard/libc_nano.a(libc_a-reallocr.o)
                0x000000000800ce84                _realloc_r
 .text.__cvt    0x000000000800cee2       0xc4 /opt/st/stm32cubeide_1.14.0/plugins/com.st.stm32cube.ide.mcu.externaltools.gnu-tools-for-stm32.11.3.rel1.linux64_1.1.100.202309141235/tools/bin/../lib/gcc/arm-none-eabi/11.3.1/../../../../arm-none-eabi/lib/thumb/v7e-m+fp/hard/libc_nano.a(libc_a-nano-vfprintf_float.o)
                0x000000000800cee2                __cvt
 .text.__exponent
                0x000000000800cfa6       0x7c /opt/st/stm32cubeide_1.14.0/plugins/com.st.stm32cube.ide.mcu.externaltools.gnu-tools-for-stm32.11.3.rel1.linux64_1.1.100.202309141235/tools/bin/../lib/gcc/arm-none-eabi/11.3.1/../../../../arm-none-eabi/lib/thumb/v7e-m+fp/hard/libc_nano.a(libc_a-nano-vfprintf_float.o)
                0x000000000800cfa6                __exponent
 *fill*         0x000000000800d022        0x2 
 .text._printf_float
                0x000000000800d024      0x46c /opt/st/stm32cubeide_1.14.0/plugins/com.st.stm32cube.ide.mcu.externaltools.gnu-tools-for-stm32.11.3.rel1.linux64_1.1.100.202309141235/tools/bin/../lib/gcc/arm-none-eabi/11.3.1/../../../../arm-none-eabi/lib/thumb/v7e-m+fp/hard/libc_nano.a(libc_a-nano-vfprintf_float.o)
                0x000000000800d024                _printf_float
 .text._printf_common
                0x000000000800d490       0xda /opt/st/stm32cubeide_1.14.0/plugins/com.st.stm32cube.ide.mcu.externaltools.gnu-tools-for-stm32.11.3.rel1.linux64_1.1.100.202309141235/tools/bin/../lib/gcc/arm-none-eabi/11.3.1/../../../../arm-none-eabi/lib/thumb/v7e-m+fp/hard/libc_nano.a(libc_a-nano-vfprintf_i.o)
                0x000000000800d490                _printf_common
 *fill*         0x000000000800d56a        0x2 
 .text._printf_i
                0x000000000800d56c      0x244 /opt/st/stm32cubeide_1.14.0/plugins/com.st.stm32cube.ide.mcu.externaltools.gnu-tools-for-stm32.11.3.rel1.linux64_1.1.100.202309141235/tools/bin/../lib/gcc/arm-none-eabi/11.3.1/../../../../arm-none-eabi/lib/thumb/v7e-m+fp/hard/libc_nano.a(libc_a-nano-vfprintf_i.o)
                0x000000000800d56c                _printf_i
 .text._scanf_float
                0x000000000800d7b0      0x420 /opt/st/stm32cubeide_1.14.0/plugins/com.st.stm32cube.ide.mcu.externaltools.gnu-tools-for-stm32.11.3.rel1.linux64_1.1.100.202309141235/tools/bin/../lib/gcc/arm-none-eabi/11.3.1/../../../../arm-none-eabi/lib/thumb/v7e-m+fp/hard/libc_nano.a(libc_a-nano-vfscanf_float.o)
                0x000000000800d7b0                _scanf_float
 .text.std      0x000000000800dbd0       0x6c /opt/st/stm32cubeide_1.14.0/plugins/com.st.stm32cube.ide.mcu.externaltools.gnu-tools-for-stm32.11.3.rel1.linux64_1.1.100.202309141235/tools/bin/../lib/gcc/arm-none-eabi/11.3.1/../../../../arm-none-eabi/lib/thumb/v7e-m+fp/hard/libc_nano.a(libc_a-findfp.o)
 .text.stdio_exit_handler
                0x000000000800dc3c       0x18 /opt/st/stm32cubeide_1.14.0/plugins/com.st.stm32cube.ide.mcu.externaltools.gnu-tools-for-stm32.11.3.rel1.linux64_1.1.100.202309141235/tools/bin/../lib/gcc/arm-none-eabi/11.3.1/../../../../arm-none-eabi/lib/thumb/v7e-m+fp/hard/libc_nano.a(libc_a-findfp.o)
 .text.cleanup_stdio
                0x000000000800dc54       0x40 /opt/st/stm32cubeide_1.14.0/plugins/com.st.stm32cube.ide.mcu.externaltools.gnu-tools-for-stm32.11.3.rel1.linux64_1.1.100.202309141235/tools/bin/../lib/gcc/arm-none-eabi/11.3.1/../../../../arm-none-eabi/lib/thumb/v7e-m+fp/hard/libc_nano.a(libc_a-findfp.o)
 .text.global_stdio_init.part.0
                0x000000000800dc94       0x3c /opt/st/stm32cubeide_1.14.0/plugins/com.st.stm32cube.ide.mcu.externaltools.gnu-tools-for-stm32.11.3.rel1.linux64_1.1.100.202309141235/tools/bin/../lib/gcc/arm-none-eabi/11.3.1/../../../../arm-none-eabi/lib/thumb/v7e-m+fp/hard/libc_nano.a(libc_a-findfp.o)
 .text.__sfp_lock_acquire
                0x000000000800dcd0        0xc /opt/st/stm32cubeide_1.14.0/plugins/com.st.stm32cube.ide.mcu.externaltools.gnu-tools-for-stm32.11.3.rel1.linux64_1.1.100.202309141235/tools/bin/../lib/gcc/arm-none-eabi/11.3.1/../../../../arm-none-eabi/lib/thumb/v7e-m+fp/hard/libc_nano.a(libc_a-findfp.o)
                0x000000000800dcd0                __sfp_lock_acquire
 .text.__sfp_lock_release
                0x000000000800dcdc        0xc /opt/st/stm32cubeide_1.14.0/plugins/com.st.stm32cube.ide.mcu.externaltools.gnu-tools-for-stm32.11.3.rel1.linux64_1.1.100.202309141235/tools/bin/../lib/gcc/arm-none-eabi/11.3.1/../../../../arm-none-eabi/lib/thumb/v7e-m+fp/hard/libc_nano.a(libc_a-findfp.o)
                0x000000000800dcdc                __sfp_lock_release
 .text.__sinit  0x000000000800dce8       0x30 /opt/st/stm32cubeide_1.14.0/plugins/com.st.stm32cube.ide.mcu.externaltools.gnu-tools-for-stm32.11.3.rel1.linux64_1.1.100.202309141235/tools/bin/../lib/gcc/arm-none-eabi/11.3.1/../../../../arm-none-eabi/lib/thumb/v7e-m+fp/hard/libc_nano.a(libc_a-findfp.o)
                0x000000000800dce8                __sinit
 .text._fwalk_sglue
                0x000000000800dd18       0x3c /opt/st/stm32cubeide_1.14.0/plugins/com.st.stm32cube.ide.mcu.externaltools.gnu-tools-for-stm32.11.3.rel1.linux64_1.1.100.202309141235/tools/bin/../lib/gcc/arm-none-eabi/11.3.1/../../../../arm-none-eabi/lib/thumb/v7e-m+fp/hard/libc_nano.a(libc_a-fwalk.o)
                0x000000000800dd18                _fwalk_sglue
 .text.sprintf  0x000000000800dd54       0x40 /opt/st/stm32cubeide_1.14.0/plugins/com.st.stm32cube.ide.mcu.externaltools.gnu-tools-for-stm32.11.3.rel1.linux64_1.1.100.202309141235/tools/bin/../lib/gcc/arm-none-eabi/11.3.1/../../../../arm-none-eabi/lib/thumb/v7e-m+fp/hard/libc_nano.a(libc_a-sprintf.o)
                0x000000000800dd54                sprintf
                0x000000000800dd54                siprintf
 .text.__sread  0x000000000800dd94       0x22 /opt/st/stm32cubeide_1.14.0/plugins/com.st.stm32cube.ide.mcu.externaltools.gnu-tools-for-stm32.11.3.rel1.linux64_1.1.100.202309141235/tools/bin/../lib/gcc/arm-none-eabi/11.3.1/../../../../arm-none-eabi/lib/thumb/v7e-m+fp/hard/libc_nano.a(libc_a-stdio.o)
                0x000000000800dd94                __sread
 .text.__swrite
                0x000000000800ddb6       0x38 /opt/st/stm32cubeide_1.14.0/plugins/com.st.stm32cube.ide.mcu.externaltools.gnu-tools-for-stm32.11.3.rel1.linux64_1.1.100.202309141235/tools/bin/../lib/gcc/arm-none-eabi/11.3.1/../../../../arm-none-eabi/lib/thumb/v7e-m+fp/hard/libc_nano.a(libc_a-stdio.o)
                0x000000000800ddb6                __swrite
 .text.__sseek  0x000000000800ddee       0x24 /opt/st/stm32cubeide_1.14.0/plugins/com.st.stm32cube.ide.mcu.externaltools.gnu-tools-for-stm32.11.3.rel1.linux64_1.1.100.202309141235/tools/bin/../lib/gcc/arm-none-eabi/11.3.1/../../../../arm-none-eabi/lib/thumb/v7e-m+fp/hard/libc_nano.a(libc_a-stdio.o)
                0x000000000800ddee                __sseek
 .text.__sclose
                0x000000000800de12        0x8 /opt/st/stm32cubeide_1.14.0/plugins/com.st.stm32cube.ide.mcu.externaltools.gnu-tools-for-stm32.11.3.rel1.linux64_1.1.100.202309141235/tools/bin/../lib/gcc/arm-none-eabi/11.3.1/../../../../arm-none-eabi/lib/thumb/v7e-m+fp/hard/libc_nano.a(libc_a-stdio.o)
                0x000000000800de12                __sclose
 .text.memset   0x000000000800de1a       0x10 /opt/st/stm32cubeide_1.14.0/plugins/com.st.stm32cube.ide.mcu.externaltools.gnu-tools-for-stm32.11.3.rel1.linux64_1.1.100.202309141235/tools/bin/../lib/gcc/arm-none-eabi/11.3.1/../../../../arm-none-eabi/lib/thumb/v7e-m+fp/hard/libc_nano.a(libc_a-memset.o)
                0x000000000800de1a                memset
 *fill*         0x000000000800de2a        0x2 
 .text._localeconv_r
                0x000000000800de2c        0x8 /opt/st/stm32cubeide_1.14.0/plugins/com.st.stm32cube.ide.mcu.externaltools.gnu-tools-for-stm32.11.3.rel1.linux64_1.1.100.202309141235/tools/bin/../lib/gcc/arm-none-eabi/11.3.1/../../../../arm-none-eabi/lib/thumb/v7e-m+fp/hard/libc_nano.a(libc_a-localeconv.o)
                0x000000000800de2c                _localeconv_r
 .text._close_r
                0x000000000800de34       0x20 /opt/st/stm32cubeide_1.14.0/plugins/com.st.stm32cube.ide.mcu.externaltools.gnu-tools-for-stm32.11.3.rel1.linux64_1.1.100.202309141235/tools/bin/../lib/gcc/arm-none-eabi/11.3.1/../../../../arm-none-eabi/lib/thumb/v7e-m+fp/hard/libc_nano.a(libc_a-closer.o)
                0x000000000800de34                _close_r
 .text._lseek_r
                0x000000000800de54       0x24 /opt/st/stm32cubeide_1.14.0/plugins/com.st.stm32cube.ide.mcu.externaltools.gnu-tools-for-stm32.11.3.rel1.linux64_1.1.100.202309141235/tools/bin/../lib/gcc/arm-none-eabi/11.3.1/../../../../arm-none-eabi/lib/thumb/v7e-m+fp/hard/libc_nano.a(libc_a-lseekr.o)
                0x000000000800de54                _lseek_r
 .text._read_r  0x000000000800de78       0x24 /opt/st/stm32cubeide_1.14.0/plugins/com.st.stm32cube.ide.mcu.externaltools.gnu-tools-for-stm32.11.3.rel1.linux64_1.1.100.202309141235/tools/bin/../lib/gcc/arm-none-eabi/11.3.1/../../../../arm-none-eabi/lib/thumb/v7e-m+fp/hard/libc_nano.a(libc_a-readr.o)
                0x000000000800de78                _read_r
 .text._write_r
                0x000000000800de9c       0x24 /opt/st/stm32cubeide_1.14.0/plugins/com.st.stm32cube.ide.mcu.externaltools.gnu-tools-for-stm32.11.3.rel1.linux64_1.1.100.202309141235/tools/bin/../lib/gcc/arm-none-eabi/11.3.1/../../../../arm-none-eabi/lib/thumb/v7e-m+fp/hard/libc_nano.a(libc_a-writer.o)
                0x000000000800de9c                _write_r
 .text.__errno  0x000000000800dec0        0xc /opt/st/stm32cubeide_1.14.0/plugins/com.st.stm32cube.ide.mcu.externaltools.gnu-tools-for-stm32.11.3.rel1.linux64_1.1.100.202309141235/tools/bin/../lib/gcc/arm-none-eabi/11.3.1/../../../../arm-none-eabi/lib/thumb/v7e-m+fp/hard/libc_nano.a(libc_a-errno.o)
                0x000000000800dec0                __errno
 .text.__libc_init_array
                0x000000000800decc       0x48 /opt/st/stm32cubeide_1.14.0/plugins/com.st.stm32cube.ide.mcu.externaltools.gnu-tools-for-stm32.11.3.rel1.linux64_1.1.100.202309141235/tools/bin/../lib/gcc/arm-none-eabi/11.3.1/../../../../arm-none-eabi/lib/thumb/v7e-m+fp/hard/libc_nano.a(libc_a-init.o)
                0x000000000800decc                __libc_init_array
 .text.__retarget_lock_init_recursive
                0x000000000800df14        0x2 /opt/st/stm32cubeide_1.14.0/plugins/com.st.stm32cube.ide.mcu.externaltools.gnu-tools-for-stm32.11.3.rel1.linux64_1.1.100.202309141235/tools/bin/../lib/gcc/arm-none-eabi/11.3.1/../../../../arm-none-eabi/lib/thumb/v7e-m+fp/hard/libc_nano.a(libc_a-lock.o)
                0x000000000800df14                __retarget_lock_init_recursive
 .text.__retarget_lock_acquire_recursive
                0x000000000800df16        0x2 /opt/st/stm32cubeide_1.14.0/plugins/com.st.stm32cube.ide.mcu.externaltools.gnu-tools-for-stm32.11.3.rel1.linux64_1.1.100.202309141235/tools/bin/../lib/gcc/arm-none-eabi/11.3.1/../../../../arm-none-eabi/lib/thumb/v7e-m+fp/hard/libc_nano.a(libc_a-lock.o)
                0x000000000800df16                __retarget_lock_acquire_recursive
 .text.__retarget_lock_release_recursive
                0x000000000800df18        0x2 /opt/st/stm32cubeide_1.14.0/plugins/com.st.stm32cube.ide.mcu.externaltools.gnu-tools-for-stm32.11.3.rel1.linux64_1.1.100.202309141235/tools/bin/../lib/gcc/arm-none-eabi/11.3.1/../../../../arm-none-eabi/lib/thumb/v7e-m+fp/hard/libc_nano.a(libc_a-lock.o)
                0x000000000800df18                __retarget_lock_release_recursive
 .text.memcpy   0x000000000800df1a       0x1c /opt/st/stm32cubeide_1.14.0/plugins/com.st.stm32cube.ide.mcu.externaltools.gnu-tools-for-stm32.11.3.rel1.linux64_1.1.100.202309141235/tools/bin/../lib/gcc/arm-none-eabi/11.3.1/../../../../arm-none-eabi/lib/thumb/v7e-m+fp/hard/libc_nano.a(libc_a-memcpy-stub.o)
                0x000000000800df1a                memcpy
 *fill*         0x000000000800df36        0x2 
 .text.nanf     0x000000000800df38        0xc /opt/st/stm32cubeide_1.14.0/plugins/com.st.stm32cube.ide.mcu.externaltools.gnu-tools-for-stm32.11.3.rel1.linux64_1.1.100.202309141235/tools/bin/../lib/gcc/arm-none-eabi/11.3.1/../../../../arm-none-eabi/lib/thumb/v7e-m+fp/hard/libc_nano.a(libm_a-sf_nan.o)
                0x000000000800df38                nanf
 .text.quorem   0x000000000800df44      0x110 /opt/st/stm32cubeide_1.14.0/plugins/com.st.stm32cube.ide.mcu.externaltools.gnu-tools-for-stm32.11.3.rel1.linux64_1.1.100.202309141235/tools/bin/../lib/gcc/arm-none-eabi/11.3.1/../../../../arm-none-eabi/lib/thumb/v7e-m+fp/hard/libc_nano.a(libc_a-dtoa.o)
 *fill*         0x000000000800e054        0x4 
 .text._dtoa_r  0x000000000800e058      0xbe4 /opt/st/stm32cubeide_1.14.0/plugins/com.st.stm32cube.ide.mcu.externaltools.gnu-tools-for-stm32.11.3.rel1.linux64_1.1.100.202309141235/tools/bin/../lib/gcc/arm-none-eabi/11.3.1/../../../../arm-none-eabi/lib/thumb/v7e-m+fp/hard/libc_nano.a(libc_a-dtoa.o)
                0x000000000800e058                _dtoa_r
 .text._free_r  0x000000000800ec3c       0x98 /opt/st/stm32cubeide_1.14.0/plugins/com.st.stm32cube.ide.mcu.externaltools.gnu-tools-for-stm32.11.3.rel1.linux64_1.1.100.202309141235/tools/bin/../lib/gcc/arm-none-eabi/11.3.1/../../../../arm-none-eabi/lib/thumb/v7e-m+fp/hard/libc_nano.a(libc_a-freer.o)
                0x000000000800ec3c                _free_r
 .text.malloc   0x000000000800ecd4       0x10 /opt/st/stm32cubeide_1.14.0/plugins/com.st.stm32cube.ide.mcu.externaltools.gnu-tools-for-stm32.11.3.rel1.linux64_1.1.100.202309141235/tools/bin/../lib/gcc/arm-none-eabi/11.3.1/../../../../arm-none-eabi/lib/thumb/v7e-m+fp/hard/libc_nano.a(libc_a-malloc.o)
                0x000000000800ecd4                malloc
 .text.sbrk_aligned
                0x000000000800ece4       0x40 /opt/st/stm32cubeide_1.14.0/plugins/com.st.stm32cube.ide.mcu.externaltools.gnu-tools-for-stm32.11.3.rel1.linux64_1.1.100.202309141235/tools/bin/../lib/gcc/arm-none-eabi/11.3.1/../../../../arm-none-eabi/lib/thumb/v7e-m+fp/hard/libc_nano.a(libc_a-mallocr.o)
 .text._malloc_r
                0x000000000800ed24      0x100 /opt/st/stm32cubeide_1.14.0/plugins/com.st.stm32cube.ide.mcu.externaltools.gnu-tools-for-stm32.11.3.rel1.linux64_1.1.100.202309141235/tools/bin/../lib/gcc/arm-none-eabi/11.3.1/../../../../arm-none-eabi/lib/thumb/v7e-m+fp/hard/libc_nano.a(libc_a-mallocr.o)
                0x000000000800ed24                _malloc_r
 .text.__malloc_lock
                0x000000000800ee24        0xc /opt/st/stm32cubeide_1.14.0/plugins/com.st.stm32cube.ide.mcu.externaltools.gnu-tools-for-stm32.11.3.rel1.linux64_1.1.100.202309141235/tools/bin/../lib/gcc/arm-none-eabi/11.3.1/../../../../arm-none-eabi/lib/thumb/v7e-m+fp/hard/libc_nano.a(libc_a-mlock.o)
                0x000000000800ee24                __malloc_lock
 .text.__malloc_unlock
                0x000000000800ee30        0xc /opt/st/stm32cubeide_1.14.0/plugins/com.st.stm32cube.ide.mcu.externaltools.gnu-tools-for-stm32.11.3.rel1.linux64_1.1.100.202309141235/tools/bin/../lib/gcc/arm-none-eabi/11.3.1/../../../../arm-none-eabi/lib/thumb/v7e-m+fp/hard/libc_nano.a(libc_a-mlock.o)
                0x000000000800ee30                __malloc_unlock
 .text._Balloc  0x000000000800ee3c       0x80 /opt/st/stm32cubeide_1.14.0/plugins/com.st.stm32cube.ide.mcu.externaltools.gnu-tools-for-stm32.11.3.rel1.linux64_1.1.100.202309141235/tools/bin/../lib/gcc/arm-none-eabi/11.3.1/../../../../arm-none-eabi/lib/thumb/v7e-m+fp/hard/libc_nano.a(libc_a-mprec.o)
                0x000000000800ee3c                _Balloc
 .text._Bfree   0x000000000800eebc       0x44 /opt/st/stm32cubeide_1.14.0/plugins/com.st.stm32cube.ide.mcu.externaltools.gnu-tools-for-stm32.11.3.rel1.linux64_1.1.100.202309141235/tools/bin/../lib/gcc/arm-none-eabi/11.3.1/../../../../arm-none-eabi/lib/thumb/v7e-m+fp/hard/libc_nano.a(libc_a-mprec.o)
                0x000000000800eebc                _Bfree
 .text.__multadd
                0x000000000800ef00       0x8c /opt/st/stm32cubeide_1.14.0/plugins/com.st.stm32cube.ide.mcu.externaltools.gnu-tools-for-stm32.11.3.rel1.linux64_1.1.100.202309141235/tools/bin/../lib/gcc/arm-none-eabi/11.3.1/../../../../arm-none-eabi/lib/thumb/v7e-m+fp/hard/libc_nano.a(libc_a-mprec.o)
                0x000000000800ef00                __multadd
 .text.__s2b    0x000000000800ef8c       0x94 /opt/st/stm32cubeide_1.14.0/plugins/com.st.stm32cube.ide.mcu.externaltools.gnu-tools-for-stm32.11.3.rel1.linux64_1.1.100.202309141235/tools/bin/../lib/gcc/arm-none-eabi/11.3.1/../../../../arm-none-eabi/lib/thumb/v7e-m+fp/hard/libc_nano.a(libc_a-mprec.o)
                0x000000000800ef8c                __s2b
 .text.__hi0bits
                0x000000000800f020       0x40 /opt/st/stm32cubeide_1.14.0/plugins/com.st.stm32cube.ide.mcu.externaltools.gnu-tools-for-stm32.11.3.rel1.linux64_1.1.100.202309141235/tools/bin/../lib/gcc/arm-none-eabi/11.3.1/../../../../arm-none-eabi/lib/thumb/v7e-m+fp/hard/libc_nano.a(libc_a-mprec.o)
                0x000000000800f020                __hi0bits
 .text.__lo0bits
                0x000000000800f060       0x5a /opt/st/stm32cubeide_1.14.0/plugins/com.st.stm32cube.ide.mcu.externaltools.gnu-tools-for-stm32.11.3.rel1.linux64_1.1.100.202309141235/tools/bin/../lib/gcc/arm-none-eabi/11.3.1/../../../../arm-none-eabi/lib/thumb/v7e-m+fp/hard/libc_nano.a(libc_a-mprec.o)
                0x000000000800f060                __lo0bits
 *fill*         0x000000000800f0ba        0x2 
 .text.__i2b    0x000000000800f0bc       0x2c /opt/st/stm32cubeide_1.14.0/plugins/com.st.stm32cube.ide.mcu.externaltools.gnu-tools-for-stm32.11.3.rel1.linux64_1.1.100.202309141235/tools/bin/../lib/gcc/arm-none-eabi/11.3.1/../../../../arm-none-eabi/lib/thumb/v7e-m+fp/hard/libc_nano.a(libc_a-mprec.o)
                0x000000000800f0bc                __i2b
 .text.__multiply
                0x000000000800f0e8      0x154 /opt/st/stm32cubeide_1.14.0/plugins/com.st.stm32cube.ide.mcu.externaltools.gnu-tools-for-stm32.11.3.rel1.linux64_1.1.100.202309141235/tools/bin/../lib/gcc/arm-none-eabi/11.3.1/../../../../arm-none-eabi/lib/thumb/v7e-m+fp/hard/libc_nano.a(libc_a-mprec.o)
                0x000000000800f0e8                __multiply
 .text.__pow5mult
                0x000000000800f23c       0xb4 /opt/st/stm32cubeide_1.14.0/plugins/com.st.stm32cube.ide.mcu.externaltools.gnu-tools-for-stm32.11.3.rel1.linux64_1.1.100.202309141235/tools/bin/../lib/gcc/arm-none-eabi/11.3.1/../../../../arm-none-eabi/lib/thumb/v7e-m+fp/hard/libc_nano.a(libc_a-mprec.o)
                0x000000000800f23c                __pow5mult
 .text.__lshift
                0x000000000800f2f0       0xd8 /opt/st/stm32cubeide_1.14.0/plugins/com.st.stm32cube.ide.mcu.externaltools.gnu-tools-for-stm32.11.3.rel1.linux64_1.1.100.202309141235/tools/bin/../lib/gcc/arm-none-eabi/11.3.1/../../../../arm-none-eabi/lib/thumb/v7e-m+fp/hard/libc_nano.a(libc_a-mprec.o)
                0x000000000800f2f0                __lshift
 .text.__mcmp   0x000000000800f3c8       0x38 /opt/st/stm32cubeide_1.14.0/plugins/com.st.stm32cube.ide.mcu.externaltools.gnu-tools-for-stm32.11.3.rel1.linux64_1.1.100.202309141235/tools/bin/../lib/gcc/arm-none-eabi/11.3.1/../../../../arm-none-eabi/lib/thumb/v7e-m+fp/hard/libc_nano.a(libc_a-mprec.o)
                0x000000000800f3c8                __mcmp
 .text.__mdiff  0x000000000800f400      0x114 /opt/st/stm32cubeide_1.14.0/plugins/com.st.stm32cube.ide.mcu.externaltools.gnu-tools-for-stm32.11.3.rel1.linux64_1.1.100.202309141235/tools/bin/../lib/gcc/arm-none-eabi/11.3.1/../../../../arm-none-eabi/lib/thumb/v7e-m+fp/hard/libc_nano.a(libc_a-mprec.o)
                0x000000000800f400                __mdiff
 .text.__ulp    0x000000000800f514       0x4c /opt/st/stm32cubeide_1.14.0/plugins/com.st.stm32cube.ide.mcu.externaltools.gnu-tools-for-stm32.11.3.rel1.linux64_1.1.100.202309141235/tools/bin/../lib/gcc/arm-none-eabi/11.3.1/../../../../arm-none-eabi/lib/thumb/v7e-m+fp/hard/libc_nano.a(libc_a-mprec.o)
                0x000000000800f514                __ulp
 .text.__b2d    0x000000000800f560       0x94 /opt/st/stm32cubeide_1.14.0/plugins/com.st.stm32cube.ide.mcu.externaltools.gnu-tools-for-stm32.11.3.rel1.linux64_1.1.100.202309141235/tools/bin/../lib/gcc/arm-none-eabi/11.3.1/../../../../arm-none-eabi/lib/thumb/v7e-m+fp/hard/libc_nano.a(libc_a-mprec.o)
                0x000000000800f560                __b2d
 .text.__d2b    0x000000000800f5f4       0xb4 /opt/st/stm32cubeide_1.14.0/plugins/com.st.stm32cube.ide.mcu.externaltools.gnu-tools-for-stm32.11.3.rel1.linux64_1.1.100.202309141235/tools/bin/../lib/gcc/arm-none-eabi/11.3.1/../../../../arm-none-eabi/lib/thumb/v7e-m+fp/hard/libc_nano.a(libc_a-mprec.o)
                0x000000000800f5f4                __d2b
 .text.__ratio  0x000000000800f6a8       0x66 /opt/st/stm32cubeide_1.14.0/plugins/com.st.stm32cube.ide.mcu.externaltools.gnu-tools-for-stm32.11.3.rel1.linux64_1.1.100.202309141235/tools/bin/../lib/gcc/arm-none-eabi/11.3.1/../../../../arm-none-eabi/lib/thumb/v7e-m+fp/hard/libc_nano.a(libc_a-mprec.o)
                0x000000000800f6a8                __ratio
 .text.__copybits
                0x000000000800f70e       0x46 /opt/st/stm32cubeide_1.14.0/plugins/com.st.stm32cube.ide.mcu.externaltools.gnu-tools-for-stm32.11.3.rel1.linux64_1.1.100.202309141235/tools/bin/../lib/gcc/arm-none-eabi/11.3.1/../../../../arm-none-eabi/lib/thumb/v7e-m+fp/hard/libc_nano.a(libc_a-mprec.o)
                0x000000000800f70e                __copybits
 .text.__any_on
                0x000000000800f754       0x42 /opt/st/stm32cubeide_1.14.0/plugins/com.st.stm32cube.ide.mcu.externaltools.gnu-tools-for-stm32.11.3.rel1.linux64_1.1.100.202309141235/tools/bin/../lib/gcc/arm-none-eabi/11.3.1/../../../../arm-none-eabi/lib/thumb/v7e-m+fp/hard/libc_nano.a(libc_a-mprec.o)
                0x000000000800f754                __any_on
 .text._malloc_usable_size_r
                0x000000000800f796       0x10 /opt/st/stm32cubeide_1.14.0/plugins/com.st.stm32cube.ide.mcu.externaltools.gnu-tools-for-stm32.11.3.rel1.linux64_1.1.100.202309141235/tools/bin/../lib/gcc/arm-none-eabi/11.3.1/../../../../arm-none-eabi/lib/thumb/v7e-m+fp/hard/libc_nano.a(libc_a-msizer.o)
                0x000000000800f796                _malloc_usable_size_r
 .text.sulp     0x000000000800f7a6       0x38 /opt/st/stm32cubeide_1.14.0/plugins/com.st.stm32cube.ide.mcu.externaltools.gnu-tools-for-stm32.11.3.rel1.linux64_1.1.100.202309141235/tools/bin/../lib/gcc/arm-none-eabi/11.3.1/../../../../arm-none-eabi/lib/thumb/v7e-m+fp/hard/libc_nano.a(libc_a-strtod.o)
 *fill*         0x000000000800f7de        0x2 
 .text._strtod_l
                0x000000000800f7e0      0xbe0 /opt/st/stm32cubeide_1.14.0/plugins/com.st.stm32cube.ide.mcu.externaltools.gnu-tools-for-stm32.11.3.rel1.linux64_1.1.100.202309141235/tools/bin/../lib/gcc/arm-none-eabi/11.3.1/../../../../arm-none-eabi/lib/thumb/v7e-m+fp/hard/libc_nano.a(libc_a-strtod.o)
                0x000000000800f7e0                _strtod_l
 .text._strtod_r
                0x00000000080103c0        0xc /opt/st/stm32cubeide_1.14.0/plugins/com.st.stm32cube.ide.mcu.externaltools.gnu-tools-for-stm32.11.3.rel1.linux64_1.1.100.202309141235/tools/bin/../lib/gcc/arm-none-eabi/11.3.1/../../../../arm-none-eabi/lib/thumb/v7e-m+fp/hard/libc_nano.a(libc_a-strtod.o)
                0x00000000080103c0                _strtod_r
 .text._strtol_l.constprop.0
                0x00000000080103cc      0x104 /opt/st/stm32cubeide_1.14.0/plugins/com.st.stm32cube.ide.mcu.externaltools.gnu-tools-for-stm32.11.3.rel1.linux64_1.1.100.202309141235/tools/bin/../lib/gcc/arm-none-eabi/11.3.1/../../../../arm-none-eabi/lib/thumb/v7e-m+fp/hard/libc_nano.a(libc_a-strtol.o)
 .text._strtol_r
                0x00000000080104d0        0x4 /opt/st/stm32cubeide_1.14.0/plugins/com.st.stm32cube.ide.mcu.externaltools.gnu-tools-for-stm32.11.3.rel1.linux64_1.1.100.202309141235/tools/bin/../lib/gcc/arm-none-eabi/11.3.1/../../../../arm-none-eabi/lib/thumb/v7e-m+fp/hard/libc_nano.a(libc_a-strtol.o)
                0x00000000080104d0                _strtol_r
 .text.__ssputs_r
                0x00000000080104d4       0xb4 /opt/st/stm32cubeide_1.14.0/plugins/com.st.stm32cube.ide.mcu.externaltools.gnu-tools-for-stm32.11.3.rel1.linux64_1.1.100.202309141235/tools/bin/../lib/gcc/arm-none-eabi/11.3.1/../../../../arm-none-eabi/lib/thumb/v7e-m+fp/hard/libc_nano.a(libc_a-nano-svfprintf.o)
                0x00000000080104d4                __ssputs_r
 .text._svfprintf_r
                0x0000000008010588      0x1fc /opt/st/stm32cubeide_1.14.0/plugins/com.st.stm32cube.ide.mcu.externaltools.gnu-tools-for-stm32.11.3.rel1.linux64_1.1.100.202309141235/tools/bin/../lib/gcc/arm-none-eabi/11.3.1/../../../../arm-none-eabi/lib/thumb/v7e-m+fp/hard/libc_nano.a(libc_a-nano-svfprintf.o)
                0x0000000008010588                _svfprintf_r
                0x0000000008010588                _svfiprintf_r
 .text.__sflush_r
                0x0000000008010784      0x10c /opt/st/stm32cubeide_1.14.0/plugins/com.st.stm32cube.ide.mcu.externaltools.gnu-tools-for-stm32.11.3.rel1.linux64_1.1.100.202309141235/tools/bin/../lib/gcc/arm-none-eabi/11.3.1/../../../../arm-none-eabi/lib/thumb/v7e-m+fp/hard/libc_nano.a(libc_a-fflush.o)
                0x0000000008010784                __sflush_r
 .text._fflush_r
                0x0000000008010890       0x50 /opt/st/stm32cubeide_1.14.0/plugins/com.st.stm32cube.ide.mcu.externaltools.gnu-tools-for-stm32.11.3.rel1.linux64_1.1.100.202309141235/tools/bin/../lib/gcc/arm-none-eabi/11.3.1/../../../../arm-none-eabi/lib/thumb/v7e-m+fp/hard/libc_nano.a(libc_a-fflush.o)
                0x0000000008010890                _fflush_r
 .text.memmove  0x00000000080108e0       0x34 /opt/st/stm32cubeide_1.14.0/plugins/com.st.stm32cube.ide.mcu.externaltools.gnu-tools-for-stm32.11.3.rel1.linux64_1.1.100.202309141235/tools/bin/../lib/gcc/arm-none-eabi/11.3.1/../../../../arm-none-eabi/lib/thumb/v7e-m+fp/hard/libc_nano.a(libc_a-memmove.o)
                0x00000000080108e0                memmove
 .text.strncmp  0x0000000008010914       0x24 /opt/st/stm32cubeide_1.14.0/plugins/com.st.stm32cube.ide.mcu.externaltools.gnu-tools-for-stm32.11.3.rel1.linux64_1.1.100.202309141235/tools/bin/../lib/gcc/arm-none-eabi/11.3.1/../../../../arm-none-eabi/lib/thumb/v7e-m+fp/hard/libc_nano.a(libc_a-strncmp.o)
                0x0000000008010914                strncmp
 .text._sbrk_r  0x0000000008010938       0x20 /opt/st/stm32cubeide_1.14.0/plugins/com.st.stm32cube.ide.mcu.externaltools.gnu-tools-for-stm32.11.3.rel1.linux64_1.1.100.202309141235/tools/bin/../lib/gcc/arm-none-eabi/11.3.1/../../../../arm-none-eabi/lib/thumb/v7e-m+fp/hard/libc_nano.a(libc_a-sbrkr.o)
                0x0000000008010938                _sbrk_r
 .text.nan      0x0000000008010958       0x10 /opt/st/stm32cubeide_1.14.0/plugins/com.st.stm32cube.ide.mcu.externaltools.gnu-tools-for-stm32.11.3.rel1.linux64_1.1.100.202309141235/tools/bin/../lib/gcc/arm-none-eabi/11.3.1/../../../../arm-none-eabi/lib/thumb/v7e-m+fp/hard/libc_nano.a(libm_a-s_nan.o)
                0x0000000008010958                nan
 .text.__assert_func